OpenROAD v2.0-13348-gd423155d6 
Features included (+) or not (-):  +Charts +GPU +GUI +Python
This program is licensed under the BSD-3 license. See the LICENSE file for details.
Components of this program may be licensed under more restrictive licenses which must be honored.
[INFO ORD-0030] Using 8 thread(s).
Placement Analysis
---------------------------------
total displacement      14978.3 u
average displacement        3.8 u
max displacement           19.7 u
original HPWL           72803.8 u
legalized HPWL          87699.2 u
delta HPWL                   20 %

Detailed placement improvement.
Importing netlist into detailed improver.
[INFO DPO-0100] Creating network with 3937 cells, 6 terminals, 4292 edges and 14042 pins.
[INFO DPO-0109] Network stats: inst 3943, edges 4292, pins 14042
[INFO DPO-0110] Number of regions is 1
[INFO DPO-0401] Setting random seed to 1.
[INFO DPO-0402] Setting maximum displacement 5 1 to 18900 3780 units.
[INFO DPO-0320] Collected 6 fixed cells (excluded terminal_NI).
[INFO DPO-0318] Collected 3937 single height cells.
[INFO DPO-0321] Collected 0 wide cells.
[INFO DPO-0322] Image (16800, 18900) - (532800, 532980)
[INFO DPO-0310] Assigned 3937 cells into segments.  Movement in X-direction is 0.000000, movement in Y-direction is 0.000000.
[INFO DPO-0313] Found 0 cells in wrong regions.
[INFO DPO-0315] Found 0 row alignment problems.
[INFO DPO-0314] Found 0 site alignment problems.
[INFO DPO-0311] Found 0 overlaps between adjacent cells.
[INFO DPO-0312] Found 0 edge spacing violations and 0 padding violations.
[INFO DPO-0303] Running algorithm for independent set matching.
[INFO DPO-0300] Set matching objective is wirelength.
[INFO DPO-0301] Pass   1 of matching; objective is 8.834280e+07.
[INFO DPO-0302] End of matching; objective is 8.793560e+07, improvement is 0.46 percent.
[INFO DPO-0303] Running algorithm for global swaps.
[INFO DPO-0306] Pass   1 of global swaps; hpwl is 8.519756e+07.
[INFO DPO-0306] Pass   2 of global swaps; hpwl is 8.469501e+07.
[INFO DPO-0307] End of global swaps; objective is 8.469501e+07, improvement is 3.69 percent.
[INFO DPO-0303] Running algorithm for vertical swaps.
[INFO DPO-0308] Pass   1 of vertical swaps; hpwl is 8.418883e+07.
[INFO DPO-0309] End of vertical swaps; objective is 8.418883e+07, improvement is 0.60 percent.
[INFO DPO-0303] Running algorithm for reordering.
[INFO DPO-0304] Pass   1 of reordering; objective is 8.295404e+07.
[INFO DPO-0304] Pass   2 of reordering; objective is 8.267480e+07.
[INFO DPO-0305] End of reordering; objective is 8.267480e+07, improvement is 1.80 percent.
[INFO DPO-0303] Running algorithm for random improvement.
[INFO DPO-0324] Random improver is using displacement generator.
[INFO DPO-0325] Random improver is using hpwl objective.
[INFO DPO-0326] Random improver cost string is (a).
[INFO DPO-0332] End of pass, Generator displacement called 78740 times.
[INFO DPO-0335] Generator displacement, Cumulative attempts 78740, swaps 17028, moves  9898 since last reset.
[INFO DPO-0333] End of pass, Objective hpwl, Initial cost 8.207727e+07, Scratch cost 8.074726e+07, Incremental cost 8.074726e+07, Mismatch? N
[INFO DPO-0338] End of pass, Total cost is 8.074726e+07.
[INFO DPO-0327] Pass   1 of random improver; improvement in cost is 1.62 percent.
[INFO DPO-0332] End of pass, Generator displacement called 78740 times.
[INFO DPO-0335] Generator displacement, Cumulative attempts 157480, swaps 33645, moves 20023 since last reset.
[INFO DPO-0333] End of pass, Objective hpwl, Initial cost 8.074726e+07, Scratch cost 8.020731e+07, Incremental cost 8.020731e+07, Mismatch? N
[INFO DPO-0338] End of pass, Total cost is 8.020731e+07.
[INFO DPO-0327] Pass   2 of random improver; improvement in cost is 0.67 percent.
[INFO DPO-0328] End of random improver; improvement is 2.278289 percent.
[INFO DPO-0380] Cell flipping.
[INFO DPO-0382] Changed 1993 cell orientations for row compatibility.
[INFO DPO-0383] Performed 1325 cell flips.
[INFO DPO-0384] End of flipping; objective is 7.929290e+07, improvement is 1.87 percent.
[INFO DPO-0313] Found 0 cells in wrong regions.
[INFO DPO-0315] Found 0 row alignment problems.
[INFO DPO-0314] Found 0 site alignment problems.
[INFO DPO-0311] Found 0 overlaps between adjacent cells.
[INFO DPO-0312] Found 0 edge spacing violations and 0 padding violations.
Detailed Improvement Results
------------------------------------------
Original HPWL            87699.2 u
Final HPWL               78212.8 u
Delta HPWL                 -10.8 %

[INFO DPL-0020] Mirrored 226 instances
[INFO DPL-0021] HPWL before           78212.8 u
[INFO DPL-0022] HPWL after            78173.1 u
[INFO DPL-0023] HPWL delta               -0.1 %
[INFO FLW-0012] Placement violations .
Report metrics stage 3, detailed place...

==========================================================================
detailed place report_design_area
--------------------------------------------------------------------------
Design area 52681 u^2 20% utilization.
Elapsed time: 0:02.90[h:]min:sec. CPU time: user 2.85 sys 0.04 (99%). Peak memory: 113032KB.
