
==========================================================================
cts final check_setup
--------------------------------------------------------------------------
1

==========================================================================
cts final report_tns
--------------------------------------------------------------------------
tns 0.00

==========================================================================
cts final report_wns
--------------------------------------------------------------------------
wns 0.00

==========================================================================
cts final report_worst_slack
--------------------------------------------------------------------------
worst slack 7.43

==========================================================================
cts final report_clock_skew
--------------------------------------------------------------------------
Clock core_clock
   0.61 source latency grid_instance.neuron_instant_1.tac_instant.s_count_msb[5]$_DFFE_PN0P_/CLK ^
  -0.56 target latency spi_instance.data_q[5]$_DFFE_PP_/CLK ^
   0.00 CRPR
--------------
   0.05 setup skew


==========================================================================
cts final report_checks -path_delay min
--------------------------------------------------------------------------
Startpoint: rst (input port clocked by core_clock)
Endpoint: grid_instance.dtc_instant.dtc_instant.s_hold$_DFF_PN0_
          (removal check against rising-edge clock core_clock)
Path Group: asynchronous
Path Type: min

Fanout     Cap    Slew   Delay    Time   Description
-----------------------------------------------------------------------------
                          0.00    0.00   clock core_clock (rise edge)
                          0.00    0.00   clock network delay (propagated)
                          2.08    2.08 ^ input external delay
     1    0.00    0.00    0.00    2.08 ^ rst (in)
                                         rst (net)
                  0.00    0.00    2.08 ^ input2/A (sg13g2_buf_1)
     3    0.01    0.05    0.07    2.15 ^ input2/X (sg13g2_buf_1)
                                         net2 (net)
                  0.05    0.00    2.15 ^ fanout284/A (sg13g2_buf_1)
     4    0.01    0.06    0.10    2.25 ^ fanout284/X (sg13g2_buf_1)
                                         net284 (net)
                  0.06    0.00    2.25 ^ fanout283/A (sg13g2_buf_1)
     4    0.02    0.09    0.12    2.38 ^ fanout283/X (sg13g2_buf_1)
                                         net283 (net)
                  0.09    0.00    2.38 ^ grid_instance.dtc_instant.dtc_instant.s_hold$_DFF_PN0_/RESET_B (sg13g2_dfrbp_1)
                                  2.38   data arrival time

                          0.00    0.00   clock core_clock (rise edge)
                          0.00    0.00   clock source latency
     1    0.04    0.00    0.00    0.00 ^ clk (in)
                                         clk (net)
                  0.00    0.00    0.00 ^ clkbuf_0_clk/A (sg13g2_buf_2)
     8    0.11    0.24    0.21    0.21 ^ clkbuf_0_clk/X (sg13g2_buf_2)
                                         clknet_0_clk (net)
                  0.24    0.00    0.21 ^ clkbuf_3_3__f_clk/A (sg13g2_buf_2)
    10    0.08    0.16    0.25    0.46 ^ clkbuf_3_3__f_clk/X (sg13g2_buf_2)
                                         clknet_3_3__leaf_clk (net)
                  0.16    0.00    0.46 ^ clkbuf_leaf_16_clk/A (sg13g2_buf_4)
     5    0.02    0.04    0.15    0.61 ^ clkbuf_leaf_16_clk/X (sg13g2_buf_4)
                                         clknet_leaf_16_clk (net)
                  0.04    0.00    0.61 ^ grid_instance.dtc_instant.dtc_instant.s_hold$_DFF_PN0_/CLK (sg13g2_dfrbp_1)
                          0.00    0.61   clock reconvergence pessimism
                         -0.12    0.49   library removal time
                                  0.49   data required time
-----------------------------------------------------------------------------
                                  0.49   data required time
                                 -2.38   data arrival time
-----------------------------------------------------------------------------
                                  1.88   slack (MET)


Startpoint: spi_instance.sck_q$_DFF_P_
            (rising edge-triggered flip-flop clocked by core_clock)
Endpoint: spi_instance.sck_old_q$_DFF_P_
          (rising edge-triggered flip-flop clocked by core_clock)
Path Group: core_clock
Path Type: min

Fanout     Cap    Slew   Delay    Time   Description
-----------------------------------------------------------------------------
                          0.00    0.00   clock core_clock (rise edge)
                          0.00    0.00   clock source latency
     1    0.04    0.00    0.00    0.00 ^ clk (in)
                                         clk (net)
                  0.00    0.00    0.00 ^ clkbuf_0_clk/A (sg13g2_buf_2)
     8    0.11    0.24    0.21    0.21 ^ clkbuf_0_clk/X (sg13g2_buf_2)
                                         clknet_0_clk (net)
                  0.24    0.00    0.21 ^ clkbuf_3_1__f_clk/A (sg13g2_buf_2)
     8    0.08    0.16    0.25    0.46 ^ clkbuf_3_1__f_clk/X (sg13g2_buf_2)
                                         clknet_3_1__leaf_clk (net)
                  0.16    0.00    0.46 ^ clkbuf_leaf_6_clk/A (sg13g2_buf_4)
     4    0.01    0.04    0.15    0.61 ^ clkbuf_leaf_6_clk/X (sg13g2_buf_4)
                                         clknet_leaf_6_clk (net)
                  0.04    0.00    0.61 ^ spi_instance.sck_q$_DFF_P_/CLK (sg13g2_dfrbp_1)
     2    0.01    0.03    0.21    0.81 v spi_instance.sck_q$_DFF_P_/Q (sg13g2_dfrbp_1)
                                         spi_instance.sck_old_d (net)
                  0.03    0.00    0.81 v spi_instance.sck_old_q$_DFF_P_/D (sg13g2_dfrbp_1)
                                  0.81   data arrival time

                          0.00    0.00   clock core_clock (rise edge)
                          0.00    0.00   clock source latency
     1    0.04    0.00    0.00    0.00 ^ clk (in)
                                         clk (net)
                  0.00    0.00    0.00 ^ clkbuf_0_clk/A (sg13g2_buf_2)
     8    0.11    0.24    0.21    0.21 ^ clkbuf_0_clk/X (sg13g2_buf_2)
                                         clknet_0_clk (net)
                  0.24    0.00    0.21 ^ clkbuf_3_3__f_clk/A (sg13g2_buf_2)
    10    0.08    0.16    0.25    0.46 ^ clkbuf_3_3__f_clk/X (sg13g2_buf_2)
                                         clknet_3_3__leaf_clk (net)
                  0.16    0.00    0.46 ^ clkbuf_leaf_5_clk/A (sg13g2_buf_4)
     6    0.02    0.04    0.15    0.61 ^ clkbuf_leaf_5_clk/X (sg13g2_buf_4)
                                         clknet_leaf_5_clk (net)
                  0.04    0.00    0.61 ^ spi_instance.sck_old_q$_DFF_P_/CLK (sg13g2_dfrbp_1)
                          0.00    0.61   clock reconvergence pessimism
                         -0.03    0.58   library hold time
                                  0.58   data required time
-----------------------------------------------------------------------------
                                  0.58   data required time
                                 -0.81   data arrival time
-----------------------------------------------------------------------------
                                  0.23   slack (MET)



==========================================================================
cts final report_checks -path_delay max
--------------------------------------------------------------------------
Startpoint: rst (input port clocked by core_clock)
Endpoint: grid_instance.neuron_instant_6.tac_instant.s_count_lsb[9]$_DFFE_PN0P_
          (recovery check against rising-edge clock core_clock)
Path Group: asynchronous
Path Type: max

Fanout     Cap    Slew   Delay    Time   Description
-----------------------------------------------------------------------------
                          0.00    0.00   clock core_clock (rise edge)
                          0.00    0.00   clock network delay (propagated)
                          2.08    2.08 ^ input external delay
     1    0.00    0.00    0.00    2.08 ^ rst (in)
                                         rst (net)
                  0.00    0.00    2.08 ^ input2/A (sg13g2_buf_1)
     3    0.01    0.05    0.07    2.15 ^ input2/X (sg13g2_buf_1)
                                         net2 (net)
                  0.05    0.00    2.15 ^ fanout312/A (sg13g2_buf_1)
     4    0.01    0.06    0.10    2.25 ^ fanout312/X (sg13g2_buf_1)
                                         net312 (net)
                  0.06    0.00    2.25 ^ fanout296/A (sg13g2_buf_2)
     5    0.03    0.06    0.12    2.37 ^ fanout296/X (sg13g2_buf_2)
                                         net296 (net)
                  0.06    0.00    2.37 ^ fanout287/A (sg13g2_buf_4)
     8    0.05    0.07    0.14    2.51 ^ fanout287/X (sg13g2_buf_4)
                                         net287 (net)
                  0.07    0.00    2.51 ^ fanout286/A (sg13g2_buf_4)
     8    0.05    0.07    0.14    2.64 ^ fanout286/X (sg13g2_buf_4)
                                         net286 (net)
                  0.07    0.00    2.64 ^ fanout285/A (sg13g2_buf_4)
     8    0.05    0.07    0.14    2.78 ^ fanout285/X (sg13g2_buf_4)
                                         net285 (net)
                  0.07    0.00    2.78 ^ grid_instance.neuron_instant_6.tac_instant.s_count_lsb[9]$_DFFE_PN0P_/RESET_B (sg13g2_dfrbp_1)
                                  2.78   data arrival time

                         10.40   10.40   clock core_clock (rise edge)
                          0.00   10.40   clock source latency
     1    0.04    0.00    0.00   10.40 ^ clk (in)
                                         clk (net)
                  0.00    0.00   10.40 ^ clkbuf_0_clk/A (sg13g2_buf_2)
     8    0.11    0.24    0.21   10.61 ^ clkbuf_0_clk/X (sg13g2_buf_2)
                                         clknet_0_clk (net)
                  0.24    0.00   10.61 ^ clkbuf_3_4__f_clk/A (sg13g2_buf_2)
     8    0.07    0.14    0.23   10.84 ^ clkbuf_3_4__f_clk/X (sg13g2_buf_2)
                                         clknet_3_4__leaf_clk (net)
                  0.14    0.00   10.84 ^ clkbuf_leaf_53_clk/A (sg13g2_buf_4)
     5    0.02    0.04    0.14   10.99 ^ clkbuf_leaf_53_clk/X (sg13g2_buf_4)
                                         clknet_leaf_53_clk (net)
                  0.04    0.00   10.99 ^ grid_instance.neuron_instant_6.tac_instant.s_count_lsb[9]$_DFFE_PN0P_/CLK (sg13g2_dfrbp_1)
                          0.00   10.99   clock reconvergence pessimism
                         -0.13   10.86   library recovery time
                                 10.86   data required time
-----------------------------------------------------------------------------
                                 10.86   data required time
                                 -2.78   data arrival time
-----------------------------------------------------------------------------
                                  8.07   slack (MET)


Startpoint: spi_instance.miso_q$_SDFFE_PN1P_
            (rising edge-triggered flip-flop clocked by core_clock)
Endpoint: miso (output port clocked by core_clock)
Path Group: core_clock
Path Type: max

Fanout     Cap    Slew   Delay    Time   Description
-----------------------------------------------------------------------------
                          0.00    0.00   clock core_clock (rise edge)
                          0.00    0.00   clock source latency
     1    0.04    0.00    0.00    0.00 ^ clk (in)
                                         clk (net)
                  0.00    0.00    0.00 ^ clkbuf_0_clk/A (sg13g2_buf_2)
     8    0.11    0.24    0.21    0.21 ^ clkbuf_0_clk/X (sg13g2_buf_2)
                                         clknet_0_clk (net)
                  0.24    0.00    0.21 ^ clkbuf_3_3__f_clk/A (sg13g2_buf_2)
    10    0.08    0.16    0.25    0.46 ^ clkbuf_3_3__f_clk/X (sg13g2_buf_2)
                                         clknet_3_3__leaf_clk (net)
                  0.16    0.00    0.46 ^ clkbuf_leaf_21_clk/A (sg13g2_buf_4)
     6    0.02    0.04    0.15    0.61 ^ clkbuf_leaf_21_clk/X (sg13g2_buf_4)
                                         clknet_leaf_21_clk (net)
                  0.04    0.00    0.61 ^ spi_instance.miso_q$_SDFFE_PN1P_/CLK (sg13g2_dfrbp_1)
     2    0.01    0.04    0.22    0.83 ^ spi_instance.miso_q$_SDFFE_PN1P_/Q (sg13g2_dfrbp_1)
                                         net5 (net)
                  0.04    0.00    0.83 ^ output5/A (sg13g2_buf_1)
     1    0.00    0.01    0.06    0.89 ^ output5/X (sg13g2_buf_1)
                                         miso (net)
                  0.01    0.00    0.89 ^ miso (out)
                                  0.89   data arrival time

                         10.40   10.40   clock core_clock (rise edge)
                          0.00   10.40   clock network delay (propagated)
                          0.00   10.40   clock reconvergence pessimism
                         -2.08    8.32   output external delay
                                  8.32   data required time
-----------------------------------------------------------------------------
                                  8.32   data required time
                                 -0.89   data arrival time
-----------------------------------------------------------------------------
                                  7.43   slack (MET)



==========================================================================
cts final report_checks -unconstrained
--------------------------------------------------------------------------
Startpoint: rst (input port clocked by core_clock)
Endpoint: grid_instance.neuron_instant_6.tac_instant.s_count_lsb[9]$_DFFE_PN0P_
          (recovery check against rising-edge clock core_clock)
Path Group: asynchronous
Path Type: max

Fanout     Cap    Slew   Delay    Time   Description
-----------------------------------------------------------------------------
                          0.00    0.00   clock core_clock (rise edge)
                          0.00    0.00   clock network delay (propagated)
                          2.08    2.08 ^ input external delay
     1    0.00    0.00    0.00    2.08 ^ rst (in)
                                         rst (net)
                  0.00    0.00    2.08 ^ input2/A (sg13g2_buf_1)
     3    0.01    0.05    0.07    2.15 ^ input2/X (sg13g2_buf_1)
                                         net2 (net)
                  0.05    0.00    2.15 ^ fanout312/A (sg13g2_buf_1)
     4    0.01    0.06    0.10    2.25 ^ fanout312/X (sg13g2_buf_1)
                                         net312 (net)
                  0.06    0.00    2.25 ^ fanout296/A (sg13g2_buf_2)
     5    0.03    0.06    0.12    2.37 ^ fanout296/X (sg13g2_buf_2)
                                         net296 (net)
                  0.06    0.00    2.37 ^ fanout287/A (sg13g2_buf_4)
     8    0.05    0.07    0.14    2.51 ^ fanout287/X (sg13g2_buf_4)
                                         net287 (net)
                  0.07    0.00    2.51 ^ fanout286/A (sg13g2_buf_4)
     8    0.05    0.07    0.14    2.64 ^ fanout286/X (sg13g2_buf_4)
                                         net286 (net)
                  0.07    0.00    2.64 ^ fanout285/A (sg13g2_buf_4)
     8    0.05    0.07    0.14    2.78 ^ fanout285/X (sg13g2_buf_4)
                                         net285 (net)
                  0.07    0.00    2.78 ^ grid_instance.neuron_instant_6.tac_instant.s_count_lsb[9]$_DFFE_PN0P_/RESET_B (sg13g2_dfrbp_1)
                                  2.78   data arrival time

                         10.40   10.40   clock core_clock (rise edge)
                          0.00   10.40   clock source latency
     1    0.04    0.00    0.00   10.40 ^ clk (in)
                                         clk (net)
                  0.00    0.00   10.40 ^ clkbuf_0_clk/A (sg13g2_buf_2)
     8    0.11    0.24    0.21   10.61 ^ clkbuf_0_clk/X (sg13g2_buf_2)
                                         clknet_0_clk (net)
                  0.24    0.00   10.61 ^ clkbuf_3_4__f_clk/A (sg13g2_buf_2)
     8    0.07    0.14    0.23   10.84 ^ clkbuf_3_4__f_clk/X (sg13g2_buf_2)
                                         clknet_3_4__leaf_clk (net)
                  0.14    0.00   10.84 ^ clkbuf_leaf_53_clk/A (sg13g2_buf_4)
     5    0.02    0.04    0.14   10.99 ^ clkbuf_leaf_53_clk/X (sg13g2_buf_4)
                                         clknet_leaf_53_clk (net)
                  0.04    0.00   10.99 ^ grid_instance.neuron_instant_6.tac_instant.s_count_lsb[9]$_DFFE_PN0P_/CLK (sg13g2_dfrbp_1)
                          0.00   10.99   clock reconvergence pessimism
                         -0.13   10.86   library recovery time
                                 10.86   data required time
-----------------------------------------------------------------------------
                                 10.86   data required time
                                 -2.78   data arrival time
-----------------------------------------------------------------------------
                                  8.07   slack (MET)


Startpoint: spi_instance.miso_q$_SDFFE_PN1P_
            (rising edge-triggered flip-flop clocked by core_clock)
Endpoint: miso (output port clocked by core_clock)
Path Group: core_clock
Path Type: max

Fanout     Cap    Slew   Delay    Time   Description
-----------------------------------------------------------------------------
                          0.00    0.00   clock core_clock (rise edge)
                          0.00    0.00   clock source latency
     1    0.04    0.00    0.00    0.00 ^ clk (in)
                                         clk (net)
                  0.00    0.00    0.00 ^ clkbuf_0_clk/A (sg13g2_buf_2)
     8    0.11    0.24    0.21    0.21 ^ clkbuf_0_clk/X (sg13g2_buf_2)
                                         clknet_0_clk (net)
                  0.24    0.00    0.21 ^ clkbuf_3_3__f_clk/A (sg13g2_buf_2)
    10    0.08    0.16    0.25    0.46 ^ clkbuf_3_3__f_clk/X (sg13g2_buf_2)
                                         clknet_3_3__leaf_clk (net)
                  0.16    0.00    0.46 ^ clkbuf_leaf_21_clk/A (sg13g2_buf_4)
     6    0.02    0.04    0.15    0.61 ^ clkbuf_leaf_21_clk/X (sg13g2_buf_4)
                                         clknet_leaf_21_clk (net)
                  0.04    0.00    0.61 ^ spi_instance.miso_q$_SDFFE_PN1P_/CLK (sg13g2_dfrbp_1)
     2    0.01    0.04    0.22    0.83 ^ spi_instance.miso_q$_SDFFE_PN1P_/Q (sg13g2_dfrbp_1)
                                         net5 (net)
                  0.04    0.00    0.83 ^ output5/A (sg13g2_buf_1)
     1    0.00    0.01    0.06    0.89 ^ output5/X (sg13g2_buf_1)
                                         miso (net)
                  0.01    0.00    0.89 ^ miso (out)
                                  0.89   data arrival time

                         10.40   10.40   clock core_clock (rise edge)
                          0.00   10.40   clock network delay (propagated)
                          0.00   10.40   clock reconvergence pessimism
                         -2.08    8.32   output external delay
                                  8.32   data required time
-----------------------------------------------------------------------------
                                  8.32   data required time
                                 -0.89   data arrival time
-----------------------------------------------------------------------------
                                  7.43   slack (MET)



==========================================================================
cts final report_check_types -max_slew -max_cap -max_fanout -violators
--------------------------------------------------------------------------
max fanout

Pin                                   Limit Fanout  Slack
---------------------------------------------------------
clkbuf_3_3__f_clk/X                       8     10     -2 (VIOLATED)


==========================================================================
cts final max_slew_check_slack
--------------------------------------------------------------------------
2.024925947189331

==========================================================================
cts final max_slew_check_limit
--------------------------------------------------------------------------
2.5074000358581543

==========================================================================
cts final max_slew_check_slack_limit
--------------------------------------------------------------------------
0.8076

==========================================================================
cts final max_fanout_check_slack
--------------------------------------------------------------------------
-2.0

==========================================================================
cts final max_fanout_check_limit
--------------------------------------------------------------------------
8.0

==========================================================================
cts final max_fanout_check_slack_limit
--------------------------------------------------------------------------
-0.2500

==========================================================================
cts final max_capacitance_check_slack
--------------------------------------------------------------------------
0.26492100954055786

==========================================================================
cts final max_capacitance_check_limit
--------------------------------------------------------------------------
0.30000001192092896

==========================================================================
cts final max_capacitance_check_slack_limit
--------------------------------------------------------------------------
0.8831

==========================================================================
cts final max_slew_violation_count
--------------------------------------------------------------------------
max slew violation count 0

==========================================================================
cts final max_fanout_violation_count
--------------------------------------------------------------------------
max fanout violation count 1

==========================================================================
cts final max_cap_violation_count
--------------------------------------------------------------------------
max cap violation count 0

==========================================================================
cts final setup_violation_count
--------------------------------------------------------------------------
setup violation count 0

==========================================================================
cts final hold_violation_count
--------------------------------------------------------------------------
hold violation count 0

==========================================================================
cts final report_checks -path_delay max reg to reg
--------------------------------------------------------------------------
Startpoint: registers_inst.rb_6.bias[3]$_DFFE_PN0P_
            (rising edge-triggered flip-flop clocked by core_clock)
Endpoint: spi_instance.data_q[5]$_DFFE_PP_
          (rising edge-triggered flip-flop clocked by core_clock)
Path Group: core_clock
Path Type: max

  Delay    Time   Description
---------------------------------------------------------
   0.00    0.00   clock core_clock (rise edge)
   0.00    0.00   clock source latency
   0.00    0.00 ^ clk (in)
   0.21    0.21 ^ clkbuf_0_clk/X (sg13g2_buf_2)
   0.23    0.44 ^ clkbuf_3_4__f_clk/X (sg13g2_buf_2)
   0.15    0.59 ^ clkbuf_leaf_49_clk/X (sg13g2_buf_4)
   0.00    0.59 ^ registers_inst.rb_6.bias[3]$_DFFE_PN0P_/CLK (sg13g2_dfrbp_1)
   0.25    0.84 v registers_inst.rb_6.bias[3]$_DFFE_PN0P_/Q (sg13g2_dfrbp_1)
   0.26    1.11 ^ _6415_/Y (sg13g2_nor4_2)
   0.13    1.23 v _6427_/Y (sg13g2_nand3_1)
   0.41    1.64 ^ _6431_/Y (sg13g2_a221oi_1)
   0.13    1.77 v _6501_/Y (sg13g2_xnor2_1)
   0.18    1.94 ^ _6504_/Y (sg13g2_a221oi_1)
   0.06    2.00 v _6505_/Y (sg13g2_a21oi_1)
   0.19    2.19 ^ _6510_/Y (sg13g2_a221oi_1)
   0.17    2.36 ^ fanout6/X (sg13g2_buf_2)
   0.19    2.55 v _7139_/X (sg13g2_mux2_1)
   0.09    2.63 ^ _7643_/Y (sg13g2_a21oi_1)
   0.11    2.74 ^ _7645_/Y (sg13g2_xnor2_1)
   0.06    2.81 v _7646_/Y (sg13g2_a22oi_1)
   0.09    2.90 v _7668_/X (sg13g2_and4_1)
   0.10    3.00 ^ _7678_/Y (sg13g2_a221oi_1)
   0.00    3.00 ^ spi_instance.data_q[5]$_DFFE_PP_/D (sg13g2_dfrbp_1)
           3.00   data arrival time

  10.40   10.40   clock core_clock (rise edge)
   0.00   10.40   clock source latency
   0.00   10.40 ^ clk (in)
   0.21   10.61 ^ clkbuf_0_clk/X (sg13g2_buf_2)
   0.22   10.83 ^ clkbuf_3_6__f_clk/X (sg13g2_buf_2)
   0.13   10.96 ^ clkbuf_leaf_39_clk/X (sg13g2_buf_4)
   0.00   10.96 ^ spi_instance.data_q[5]$_DFFE_PP_/CLK (sg13g2_dfrbp_1)
   0.00   10.96   clock reconvergence pessimism
  -0.13   10.83   library setup time
          10.83   data required time
---------------------------------------------------------
          10.83   data required time
          -3.00   data arrival time
---------------------------------------------------------
           7.83   slack (MET)



==========================================================================
cts final report_checks -path_delay min reg to reg
--------------------------------------------------------------------------
Startpoint: spi_instance.sck_q$_DFF_P_
            (rising edge-triggered flip-flop clocked by core_clock)
Endpoint: spi_instance.sck_old_q$_DFF_P_
          (rising edge-triggered flip-flop clocked by core_clock)
Path Group: core_clock
Path Type: min

  Delay    Time   Description
---------------------------------------------------------
   0.00    0.00   clock core_clock (rise edge)
   0.00    0.00   clock source latency
   0.00    0.00 ^ clk (in)
   0.21    0.21 ^ clkbuf_0_clk/X (sg13g2_buf_2)
   0.25    0.46 ^ clkbuf_3_1__f_clk/X (sg13g2_buf_2)
   0.15    0.61 ^ clkbuf_leaf_6_clk/X (sg13g2_buf_4)
   0.00    0.61 ^ spi_instance.sck_q$_DFF_P_/CLK (sg13g2_dfrbp_1)
   0.21    0.81 v spi_instance.sck_q$_DFF_P_/Q (sg13g2_dfrbp_1)
   0.00    0.81 v spi_instance.sck_old_q$_DFF_P_/D (sg13g2_dfrbp_1)
           0.81   data arrival time

   0.00    0.00   clock core_clock (rise edge)
   0.00    0.00   clock source latency
   0.00    0.00 ^ clk (in)
   0.21    0.21 ^ clkbuf_0_clk/X (sg13g2_buf_2)
   0.25    0.46 ^ clkbuf_3_3__f_clk/X (sg13g2_buf_2)
   0.15    0.61 ^ clkbuf_leaf_5_clk/X (sg13g2_buf_4)
   0.00    0.61 ^ spi_instance.sck_old_q$_DFF_P_/CLK (sg13g2_dfrbp_1)
   0.00    0.61   clock reconvergence pessimism
  -0.03    0.58   library hold time
           0.58   data required time
---------------------------------------------------------
           0.58   data required time
          -0.81   data arrival time
---------------------------------------------------------
           0.23   slack (MET)



==========================================================================
cts final critical path target clock latency max path
--------------------------------------------------------------------------
0.5856

==========================================================================
cts final critical path target clock latency min path
--------------------------------------------------------------------------
0.6069

==========================================================================
cts final critical path source clock latency min path
--------------------------------------------------------------------------
0.0000

==========================================================================
cts final critical path delay
--------------------------------------------------------------------------
0.8928

==========================================================================
cts final critical path slack
--------------------------------------------------------------------------
7.4272

==========================================================================
cts final slack div critical path delay
--------------------------------------------------------------------------
831.899642

==========================================================================
cts final report_power
--------------------------------------------------------------------------
Group                  Internal  Switching    Leakage      Total
                          Power      Power      Power      Power (Watts)
----------------------------------------------------------------
Sequential             1.79e-03   2.10e-06   1.67e-07   1.79e-03  77.7%
Combinational          1.47e-05   2.12e-05   4.71e-07   3.64e-05   1.6%
Clock                  2.39e-04   2.40e-04   2.32e-08   4.79e-04  20.8%
Macro                  0.00e+00   0.00e+00   0.00e+00   0.00e+00   0.0%
Pad                    0.00e+00   0.00e+00   0.00e+00   0.00e+00   0.0%
----------------------------------------------------------------
Total                  2.04e-03   2.64e-04   6.62e-07   2.31e-03 100.0%
                          88.5%      11.4%       0.0%
