
==========================================================================
finish check_setup
--------------------------------------------------------------------------
1

==========================================================================
finish report_tns
--------------------------------------------------------------------------
tns 0.00

==========================================================================
finish report_wns
--------------------------------------------------------------------------
wns 0.00

==========================================================================
finish report_worst_slack
--------------------------------------------------------------------------
worst slack 7.26

==========================================================================
finish report_clock_skew
--------------------------------------------------------------------------
Clock core_clock
   0.65 source latency grid_instance.neuron_instant_5.tac_instant.s_count_msb[1]$_DFFE_PN0P_/CLK ^
  -0.60 target latency spi_instance.data_q[5]$_DFFE_PP_/CLK ^
   0.00 CRPR
--------------
   0.06 setup skew


==========================================================================
finish report_checks -path_delay min
--------------------------------------------------------------------------
Startpoint: rst (input port clocked by core_clock)
Endpoint: registers_inst.rb_0.bias[3]$_DFFE_PN0P_
          (removal check against rising-edge clock core_clock)
Path Group: asynchronous
Path Type: min

Fanout     Cap    Slew   Delay    Time   Description
-----------------------------------------------------------------------------
                          0.00    0.00   clock core_clock (rise edge)
                          0.00    0.00   clock network delay (propagated)
                          2.08    2.08 ^ input external delay
     1    0.00    0.00    0.00    2.08 ^ rst (in)
                                         rst (net)
                  0.00    0.00    2.08 ^ input2/A (sg13g2_buf_1)
     3    0.05    0.19    0.17    2.25 ^ input2/X (sg13g2_buf_1)
                                         net2 (net)
                  0.19    0.00    2.25 ^ fanout270/A (sg13g2_buf_1)
     4    0.03    0.14    0.20    2.45 ^ fanout270/X (sg13g2_buf_1)
                                         net270 (net)
                  0.14    0.00    2.45 ^ fanout262/A (sg13g2_buf_4)
     8    0.06    0.08    0.17    2.62 ^ fanout262/X (sg13g2_buf_4)
                                         net262 (net)
                  0.08    0.00    2.62 ^ registers_inst.rb_0.bias[3]$_DFFE_PN0P_/RESET_B (sg13g2_dfrbp_1)
                                  2.62   data arrival time

                          0.00    0.00   clock core_clock (rise edge)
                          0.00    0.00   clock source latency
     1    0.03    0.00    0.00    0.00 ^ clk (in)
                                         clk (net)
                  0.01    0.00    0.00 ^ clkbuf_0_clk/A (sg13g2_buf_2)
     8    0.12    0.25    0.22    0.23 ^ clkbuf_0_clk/X (sg13g2_buf_2)
                                         clknet_0_clk (net)
                  0.25    0.01    0.23 ^ clkbuf_3_0__f_clk/A (sg13g2_buf_2)
     8    0.07    0.14    0.24    0.47 ^ clkbuf_3_0__f_clk/X (sg13g2_buf_2)
                                         clknet_3_0__leaf_clk (net)
                  0.14    0.00    0.48 ^ clkbuf_leaf_0_clk/A (sg13g2_buf_4)
     6    0.02    0.04    0.15    0.63 ^ clkbuf_leaf_0_clk/X (sg13g2_buf_4)
                                         clknet_leaf_0_clk (net)
                  0.04    0.00    0.63 ^ registers_inst.rb_0.bias[3]$_DFFE_PN0P_/CLK (sg13g2_dfrbp_1)
                          0.00    0.63   clock reconvergence pessimism
                         -0.11    0.52   library removal time
                                  0.52   data required time
-----------------------------------------------------------------------------
                                  0.52   data required time
                                 -2.62   data arrival time
-----------------------------------------------------------------------------
                                  2.11   slack (MET)


Startpoint: spi_instance.sck_q$_DFF_P_
            (rising edge-triggered flip-flop clocked by core_clock)
Endpoint: spi_instance.sck_old_q$_DFF_P_
          (rising edge-triggered flip-flop clocked by core_clock)
Path Group: core_clock
Path Type: min

Fanout     Cap    Slew   Delay    Time   Description
-----------------------------------------------------------------------------
                          0.00    0.00   clock core_clock (rise edge)
                          0.00    0.00   clock source latency
     1    0.03    0.00    0.00    0.00 ^ clk (in)
                                         clk (net)
                  0.01    0.00    0.00 ^ clkbuf_0_clk/A (sg13g2_buf_2)
     8    0.12    0.25    0.22    0.23 ^ clkbuf_0_clk/X (sg13g2_buf_2)
                                         clknet_0_clk (net)
                  0.25    0.01    0.23 ^ clkbuf_3_1__f_clk/A (sg13g2_buf_2)
     8    0.08    0.16    0.25    0.48 ^ clkbuf_3_1__f_clk/X (sg13g2_buf_2)
                                         clknet_3_1__leaf_clk (net)
                  0.16    0.01    0.49 ^ clkbuf_leaf_6_clk/A (sg13g2_buf_4)
     4    0.02    0.04    0.15    0.64 ^ clkbuf_leaf_6_clk/X (sg13g2_buf_4)
                                         clknet_leaf_6_clk (net)
                  0.04    0.00    0.64 ^ spi_instance.sck_q$_DFF_P_/CLK (sg13g2_dfrbp_1)
     2    0.01    0.04    0.21    0.85 v spi_instance.sck_q$_DFF_P_/Q (sg13g2_dfrbp_1)
                                         spi_instance.sck_old_d (net)
                  0.04    0.00    0.85 v spi_instance.sck_old_q$_DFF_P_/D (sg13g2_dfrbp_1)
                                  0.85   data arrival time

                          0.00    0.00   clock core_clock (rise edge)
                          0.00    0.00   clock source latency
     1    0.03    0.00    0.00    0.00 ^ clk (in)
                                         clk (net)
                  0.01    0.00    0.00 ^ clkbuf_0_clk/A (sg13g2_buf_2)
     8    0.12    0.25    0.22    0.23 ^ clkbuf_0_clk/X (sg13g2_buf_2)
                                         clknet_0_clk (net)
                  0.25    0.01    0.23 ^ clkbuf_3_3__f_clk/A (sg13g2_buf_2)
    10    0.08    0.16    0.25    0.48 ^ clkbuf_3_3__f_clk/X (sg13g2_buf_2)
                                         clknet_3_3__leaf_clk (net)
                  0.16    0.01    0.49 ^ clkbuf_leaf_5_clk/A (sg13g2_buf_4)
     6    0.03    0.05    0.16    0.65 ^ clkbuf_leaf_5_clk/X (sg13g2_buf_4)
                                         clknet_leaf_5_clk (net)
                  0.05    0.00    0.65 ^ spi_instance.sck_old_q$_DFF_P_/CLK (sg13g2_dfrbp_1)
                          0.00    0.65   clock reconvergence pessimism
                         -0.03    0.62   library hold time
                                  0.62   data required time
-----------------------------------------------------------------------------
                                  0.62   data required time
                                 -0.85   data arrival time
-----------------------------------------------------------------------------
                                  0.23   slack (MET)



==========================================================================
finish report_checks -path_delay max
--------------------------------------------------------------------------
Startpoint: rst (input port clocked by core_clock)
Endpoint: grid_instance.neuron_instant_6.tac_instant.s_count_lsb[7]$_DFFE_PN0P_
          (recovery check against rising-edge clock core_clock)
Path Group: asynchronous
Path Type: max

Fanout     Cap    Slew   Delay    Time   Description
-----------------------------------------------------------------------------
                          0.00    0.00   clock core_clock (rise edge)
                          0.00    0.00   clock network delay (propagated)
                          2.08    2.08 ^ input external delay
     1    0.00    0.00    0.00    2.08 ^ rst (in)
                                         rst (net)
                  0.00    0.00    2.08 ^ input2/A (sg13g2_buf_1)
     3    0.05    0.19    0.17    2.25 ^ input2/X (sg13g2_buf_1)
                                         net2 (net)
                  0.19    0.00    2.25 ^ fanout312/A (sg13g2_buf_1)
     4    0.04    0.18    0.23    2.48 ^ fanout312/X (sg13g2_buf_1)
                                         net312 (net)
                  0.18    0.00    2.49 ^ fanout296/A (sg13g2_buf_2)
     5    0.06    0.14    0.21    2.70 ^ fanout296/X (sg13g2_buf_2)
                                         net296 (net)
                  0.14    0.01    2.71 ^ fanout295/A (sg13g2_buf_4)
     7    0.06    0.08    0.17    2.88 ^ fanout295/X (sg13g2_buf_4)
                                         net295 (net)
                  0.08    0.00    2.88 ^ fanout293/A (sg13g2_buf_4)
     8    0.06    0.08    0.15    3.03 ^ fanout293/X (sg13g2_buf_4)
                                         net293 (net)
                  0.08    0.01    3.04 ^ fanout292/A (sg13g2_buf_4)
     8    0.06    0.08    0.15    3.19 ^ fanout292/X (sg13g2_buf_4)
                                         net292 (net)
                  0.08    0.01    3.19 ^ grid_instance.neuron_instant_6.tac_instant.s_count_lsb[7]$_DFFE_PN0P_/RESET_B (sg13g2_dfrbp_1)
                                  3.19   data arrival time

                         10.40   10.40   clock core_clock (rise edge)
                          0.00   10.40   clock source latency
     1    0.03    0.00    0.00   10.40 ^ clk (in)
                                         clk (net)
                  0.01    0.00   10.40 ^ clkbuf_0_clk/A (sg13g2_buf_2)
     8    0.12    0.25    0.22   10.63 ^ clkbuf_0_clk/X (sg13g2_buf_2)
                                         clknet_0_clk (net)
                  0.25    0.01   10.64 ^ clkbuf_3_5__f_clk/A (sg13g2_buf_2)
     7    0.06    0.13    0.23   10.86 ^ clkbuf_3_5__f_clk/X (sg13g2_buf_2)
                                         clknet_3_5__leaf_clk (net)
                  0.13    0.00   10.87 ^ clkbuf_leaf_46_clk/A (sg13g2_buf_4)
     6    0.03    0.04    0.14   11.01 ^ clkbuf_leaf_46_clk/X (sg13g2_buf_4)
                                         clknet_leaf_46_clk (net)
                  0.04    0.00   11.01 ^ grid_instance.neuron_instant_6.tac_instant.s_count_lsb[7]$_DFFE_PN0P_/CLK (sg13g2_dfrbp_1)
                          0.00   11.01   clock reconvergence pessimism
                         -0.13   10.88   library recovery time
                                 10.88   data required time
-----------------------------------------------------------------------------
                                 10.88   data required time
                                 -3.19   data arrival time
-----------------------------------------------------------------------------
                                  7.69   slack (MET)


Startpoint: spi_instance.miso_q$_SDFFE_PN1P_
            (rising edge-triggered flip-flop clocked by core_clock)
Endpoint: miso (output port clocked by core_clock)
Path Group: core_clock
Path Type: max

Fanout     Cap    Slew   Delay    Time   Description
-----------------------------------------------------------------------------
                          0.00    0.00   clock core_clock (rise edge)
                          0.00    0.00   clock source latency
     1    0.03    0.00    0.00    0.00 ^ clk (in)
                                         clk (net)
                  0.01    0.00    0.00 ^ clkbuf_0_clk/A (sg13g2_buf_2)
     8    0.12    0.25    0.22    0.23 ^ clkbuf_0_clk/X (sg13g2_buf_2)
                                         clknet_0_clk (net)
                  0.25    0.01    0.23 ^ clkbuf_3_3__f_clk/A (sg13g2_buf_2)
    10    0.08    0.16    0.25    0.48 ^ clkbuf_3_3__f_clk/X (sg13g2_buf_2)
                                         clknet_3_3__leaf_clk (net)
                  0.16    0.00    0.49 ^ clkbuf_leaf_21_clk/A (sg13g2_buf_4)
     6    0.03    0.05    0.16    0.65 ^ clkbuf_leaf_21_clk/X (sg13g2_buf_4)
                                         clknet_leaf_21_clk (net)
                  0.05    0.00    0.65 ^ spi_instance.miso_q$_SDFFE_PN1P_/CLK (sg13g2_dfrbp_1)
     2    0.04    0.15    0.30    0.95 ^ spi_instance.miso_q$_SDFFE_PN1P_/Q (sg13g2_dfrbp_1)
                                         net5 (net)
                  0.15    0.00    0.95 ^ output5/A (sg13g2_buf_1)
     1    0.00    0.03    0.10    1.06 ^ output5/X (sg13g2_buf_1)
                                         miso (net)
                  0.03    0.00    1.06 ^ miso (out)
                                  1.06   data arrival time

                         10.40   10.40   clock core_clock (rise edge)
                          0.00   10.40   clock network delay (propagated)
                          0.00   10.40   clock reconvergence pessimism
                         -2.08    8.32   output external delay
                                  8.32   data required time
-----------------------------------------------------------------------------
                                  8.32   data required time
                                 -1.06   data arrival time
-----------------------------------------------------------------------------
                                  7.26   slack (MET)



==========================================================================
finish report_checks -unconstrained
--------------------------------------------------------------------------
Startpoint: rst (input port clocked by core_clock)
Endpoint: grid_instance.neuron_instant_6.tac_instant.s_count_lsb[7]$_DFFE_PN0P_
          (recovery check against rising-edge clock core_clock)
Path Group: asynchronous
Path Type: max

Fanout     Cap    Slew   Delay    Time   Description
-----------------------------------------------------------------------------
                          0.00    0.00   clock core_clock (rise edge)
                          0.00    0.00   clock network delay (propagated)
                          2.08    2.08 ^ input external delay
     1    0.00    0.00    0.00    2.08 ^ rst (in)
                                         rst (net)
                  0.00    0.00    2.08 ^ input2/A (sg13g2_buf_1)
     3    0.05    0.19    0.17    2.25 ^ input2/X (sg13g2_buf_1)
                                         net2 (net)
                  0.19    0.00    2.25 ^ fanout312/A (sg13g2_buf_1)
     4    0.04    0.18    0.23    2.48 ^ fanout312/X (sg13g2_buf_1)
                                         net312 (net)
                  0.18    0.00    2.49 ^ fanout296/A (sg13g2_buf_2)
     5    0.06    0.14    0.21    2.70 ^ fanout296/X (sg13g2_buf_2)
                                         net296 (net)
                  0.14    0.01    2.71 ^ fanout295/A (sg13g2_buf_4)
     7    0.06    0.08    0.17    2.88 ^ fanout295/X (sg13g2_buf_4)
                                         net295 (net)
                  0.08    0.00    2.88 ^ fanout293/A (sg13g2_buf_4)
     8    0.06    0.08    0.15    3.03 ^ fanout293/X (sg13g2_buf_4)
                                         net293 (net)
                  0.08    0.01    3.04 ^ fanout292/A (sg13g2_buf_4)
     8    0.06    0.08    0.15    3.19 ^ fanout292/X (sg13g2_buf_4)
                                         net292 (net)
                  0.08    0.01    3.19 ^ grid_instance.neuron_instant_6.tac_instant.s_count_lsb[7]$_DFFE_PN0P_/RESET_B (sg13g2_dfrbp_1)
                                  3.19   data arrival time

                         10.40   10.40   clock core_clock (rise edge)
                          0.00   10.40   clock source latency
     1    0.03    0.00    0.00   10.40 ^ clk (in)
                                         clk (net)
                  0.01    0.00   10.40 ^ clkbuf_0_clk/A (sg13g2_buf_2)
     8    0.12    0.25    0.22   10.63 ^ clkbuf_0_clk/X (sg13g2_buf_2)
                                         clknet_0_clk (net)
                  0.25    0.01   10.64 ^ clkbuf_3_5__f_clk/A (sg13g2_buf_2)
     7    0.06    0.13    0.23   10.86 ^ clkbuf_3_5__f_clk/X (sg13g2_buf_2)
                                         clknet_3_5__leaf_clk (net)
                  0.13    0.00   10.87 ^ clkbuf_leaf_46_clk/A (sg13g2_buf_4)
     6    0.03    0.04    0.14   11.01 ^ clkbuf_leaf_46_clk/X (sg13g2_buf_4)
                                         clknet_leaf_46_clk (net)
                  0.04    0.00   11.01 ^ grid_instance.neuron_instant_6.tac_instant.s_count_lsb[7]$_DFFE_PN0P_/CLK (sg13g2_dfrbp_1)
                          0.00   11.01   clock reconvergence pessimism
                         -0.13   10.88   library recovery time
                                 10.88   data required time
-----------------------------------------------------------------------------
                                 10.88   data required time
                                 -3.19   data arrival time
-----------------------------------------------------------------------------
                                  7.69   slack (MET)


Startpoint: spi_instance.miso_q$_SDFFE_PN1P_
            (rising edge-triggered flip-flop clocked by core_clock)
Endpoint: miso (output port clocked by core_clock)
Path Group: core_clock
Path Type: max

Fanout     Cap    Slew   Delay    Time   Description
-----------------------------------------------------------------------------
                          0.00    0.00   clock core_clock (rise edge)
                          0.00    0.00   clock source latency
     1    0.03    0.00    0.00    0.00 ^ clk (in)
                                         clk (net)
                  0.01    0.00    0.00 ^ clkbuf_0_clk/A (sg13g2_buf_2)
     8    0.12    0.25    0.22    0.23 ^ clkbuf_0_clk/X (sg13g2_buf_2)
                                         clknet_0_clk (net)
                  0.25    0.01    0.23 ^ clkbuf_3_3__f_clk/A (sg13g2_buf_2)
    10    0.08    0.16    0.25    0.48 ^ clkbuf_3_3__f_clk/X (sg13g2_buf_2)
                                         clknet_3_3__leaf_clk (net)
                  0.16    0.00    0.49 ^ clkbuf_leaf_21_clk/A (sg13g2_buf_4)
     6    0.03    0.05    0.16    0.65 ^ clkbuf_leaf_21_clk/X (sg13g2_buf_4)
                                         clknet_leaf_21_clk (net)
                  0.05    0.00    0.65 ^ spi_instance.miso_q$_SDFFE_PN1P_/CLK (sg13g2_dfrbp_1)
     2    0.04    0.15    0.30    0.95 ^ spi_instance.miso_q$_SDFFE_PN1P_/Q (sg13g2_dfrbp_1)
                                         net5 (net)
                  0.15    0.00    0.95 ^ output5/A (sg13g2_buf_1)
     1    0.00    0.03    0.10    1.06 ^ output5/X (sg13g2_buf_1)
                                         miso (net)
                  0.03    0.00    1.06 ^ miso (out)
                                  1.06   data arrival time

                         10.40   10.40   clock core_clock (rise edge)
                          0.00   10.40   clock network delay (propagated)
                          0.00   10.40   clock reconvergence pessimism
                         -2.08    8.32   output external delay
                                  8.32   data required time
-----------------------------------------------------------------------------
                                  8.32   data required time
                                 -1.06   data arrival time
-----------------------------------------------------------------------------
                                  7.26   slack (MET)



==========================================================================
finish report_check_types -max_slew -max_cap -max_fanout -violators
--------------------------------------------------------------------------
max fanout

Pin                                   Limit Fanout  Slack
---------------------------------------------------------
clkbuf_3_3__f_clk/X                       8     10     -2 (VIOLATED)


==========================================================================
finish max_slew_check_slack
--------------------------------------------------------------------------
1.7260003089904785

==========================================================================
finish max_slew_check_limit
--------------------------------------------------------------------------
2.5074000358581543

==========================================================================
finish max_slew_check_slack_limit
--------------------------------------------------------------------------
0.6884

==========================================================================
finish max_fanout_check_slack
--------------------------------------------------------------------------
-2.0

==========================================================================
finish max_fanout_check_limit
--------------------------------------------------------------------------
8.0

==========================================================================
finish max_fanout_check_slack_limit
--------------------------------------------------------------------------
-0.2500

==========================================================================
finish max_capacitance_check_slack
--------------------------------------------------------------------------
0.20226123929023743

==========================================================================
finish max_capacitance_check_limit
--------------------------------------------------------------------------
0.30000001192092896

==========================================================================
finish max_capacitance_check_slack_limit
--------------------------------------------------------------------------
0.6742

==========================================================================
finish max_slew_violation_count
--------------------------------------------------------------------------
max slew violation count 0

==========================================================================
finish max_fanout_violation_count
--------------------------------------------------------------------------
max fanout violation count 1

==========================================================================
finish max_cap_violation_count
--------------------------------------------------------------------------
max cap violation count 0

==========================================================================
finish setup_violation_count
--------------------------------------------------------------------------
setup violation count 0

==========================================================================
finish hold_violation_count
--------------------------------------------------------------------------
hold violation count 0

==========================================================================
finish report_checks -path_delay max reg to reg
--------------------------------------------------------------------------
Startpoint: registers_inst.rb_6.bias[3]$_DFFE_PN0P_
            (rising edge-triggered flip-flop clocked by core_clock)
Endpoint: spi_instance.data_q[1]$_DFFE_PP_
          (rising edge-triggered flip-flop clocked by core_clock)
Path Group: core_clock
Path Type: max

  Delay    Time   Description
---------------------------------------------------------
   0.00    0.00   clock core_clock (rise edge)
   0.00    0.00   clock source latency
   0.00    0.00 ^ clk (in)
   0.23    0.23 ^ clkbuf_0_clk/X (sg13g2_buf_2)
   0.24    0.47 ^ clkbuf_3_4__f_clk/X (sg13g2_buf_2)
   0.16    0.63 ^ clkbuf_leaf_49_clk/X (sg13g2_buf_4)
   0.00    0.63 ^ registers_inst.rb_6.bias[3]$_DFFE_PN0P_/CLK (sg13g2_dfrbp_1)
   0.27    0.90 v registers_inst.rb_6.bias[3]$_DFFE_PN0P_/Q (sg13g2_dfrbp_1)
   0.30    1.19 ^ _6415_/Y (sg13g2_nor4_2)
   0.14    1.33 v _6427_/Y (sg13g2_nand3_1)
   0.47    1.80 ^ _6431_/Y (sg13g2_a221oi_1)
   0.14    1.95 v _6501_/Y (sg13g2_xnor2_1)
   0.20    2.15 ^ _6504_/Y (sg13g2_a221oi_1)
   0.07    2.22 v _6505_/Y (sg13g2_a21oi_1)
   0.32    2.53 ^ _6510_/Y (sg13g2_a221oi_1)
   0.22    2.75 ^ fanout6/X (sg13g2_buf_2)
   0.21    2.96 v _7139_/X (sg13g2_mux2_1)
   0.11    3.07 v _7141_/Y (sg13g2_xnor2_1)
   0.05    3.12 ^ _7142_/Y (sg13g2_nand2_1)
   0.11    3.23 v _7171_/Y (sg13g2_nand4_1)
   0.30    3.53 ^ _7236_/Y (sg13g2_nor4_1)
   0.12    3.65 v _7240_/Y (sg13g2_o21ai_1)
   0.00    3.65 v spi_instance.data_q[1]$_DFFE_PP_/D (sg13g2_dfrbp_1)
           3.65   data arrival time

  10.40   10.40   clock core_clock (rise edge)
   0.00   10.40   clock source latency
   0.00   10.40 ^ clk (in)
   0.23   10.63 ^ clkbuf_0_clk/X (sg13g2_buf_2)
   0.25   10.88 ^ clkbuf_3_1__f_clk/X (sg13g2_buf_2)
   0.16   11.04 ^ clkbuf_leaf_4_clk/X (sg13g2_buf_4)
   0.00   11.05 ^ spi_instance.data_q[1]$_DFFE_PP_/CLK (sg13g2_dfrbp_1)
   0.00   11.05   clock reconvergence pessimism
  -0.13   10.92   library setup time
          10.92   data required time
---------------------------------------------------------
          10.92   data required time
          -3.65   data arrival time
---------------------------------------------------------
           7.27   slack (MET)



==========================================================================
finish report_checks -path_delay min reg to reg
--------------------------------------------------------------------------
Startpoint: spi_instance.sck_q$_DFF_P_
            (rising edge-triggered flip-flop clocked by core_clock)
Endpoint: spi_instance.sck_old_q$_DFF_P_
          (rising edge-triggered flip-flop clocked by core_clock)
Path Group: core_clock
Path Type: min

  Delay    Time   Description
---------------------------------------------------------
   0.00    0.00   clock core_clock (rise edge)
   0.00    0.00   clock source latency
   0.00    0.00 ^ clk (in)
   0.23    0.23 ^ clkbuf_0_clk/X (sg13g2_buf_2)
   0.25    0.48 ^ clkbuf_3_1__f_clk/X (sg13g2_buf_2)
   0.16    0.64 ^ clkbuf_leaf_6_clk/X (sg13g2_buf_4)
   0.00    0.64 ^ spi_instance.sck_q$_DFF_P_/CLK (sg13g2_dfrbp_1)
   0.21    0.85 v spi_instance.sck_q$_DFF_P_/Q (sg13g2_dfrbp_1)
   0.00    0.85 v spi_instance.sck_old_q$_DFF_P_/D (sg13g2_dfrbp_1)
           0.85   data arrival time

   0.00    0.00   clock core_clock (rise edge)
   0.00    0.00   clock source latency
   0.00    0.00 ^ clk (in)
   0.23    0.23 ^ clkbuf_0_clk/X (sg13g2_buf_2)
   0.26    0.48 ^ clkbuf_3_3__f_clk/X (sg13g2_buf_2)
   0.16    0.65 ^ clkbuf_leaf_5_clk/X (sg13g2_buf_4)
   0.00    0.65 ^ spi_instance.sck_old_q$_DFF_P_/CLK (sg13g2_dfrbp_1)
   0.00    0.65   clock reconvergence pessimism
  -0.03    0.62   library hold time
           0.62   data required time
---------------------------------------------------------
           0.62   data required time
          -0.85   data arrival time
---------------------------------------------------------
           0.23   slack (MET)



==========================================================================
finish critical path target clock latency max path
--------------------------------------------------------------------------
0.6125

==========================================================================
finish critical path target clock latency min path
--------------------------------------------------------------------------
0.6274

==========================================================================
finish critical path source clock latency min path
--------------------------------------------------------------------------
0.0000

==========================================================================
finish critical path delay
--------------------------------------------------------------------------
1.0558

==========================================================================
finish critical path slack
--------------------------------------------------------------------------
7.2642

==========================================================================
finish slack div critical path delay
--------------------------------------------------------------------------
688.028036

==========================================================================
finish report_power
--------------------------------------------------------------------------
Group                  Internal  Switching    Leakage      Total
                          Power      Power      Power      Power (Watts)
----------------------------------------------------------------
Sequential             1.79e-03   3.37e-06   1.67e-07   1.79e-03  74.8%
Combinational          1.47e-05   2.89e-05   4.71e-07   4.40e-05   1.8%
Clock                  2.40e-04   3.07e-04   1.29e-05   5.60e-04  23.4%
Macro                  0.00e+00   0.00e+00   0.00e+00   0.00e+00   0.0%
Pad                    0.00e+00   0.00e+00   0.00e+00   0.00e+00   0.0%
----------------------------------------------------------------
Total                  2.04e-03   3.40e-04   1.35e-05   2.39e-03 100.0%
                          85.3%      14.2%       0.6%
