OpenROAD v2.0-13348-gd423155d6 
Features included (+) or not (-):  +Charts +GPU +GUI +Python
This program is licensed under the BSD-3 license. See the LICENSE file for details.
Components of this program may be licensed under more restrictive licenses which must be honored.
[INFO ORD-0030] Using 8 thread(s).
[INFO ORD-0030] Using 1 thread(s).
global_placement -density 0.7 -pad_left 0 -pad_right 0 -routability_driven -timing_driven
[INFO GPL-0002] DBU: 1000
[INFO GPL-0003] SiteSize: 480 3780
[INFO GPL-0004] CoreAreaLxLy: 400320 400680
[INFO GPL-0005] CoreAreaUxUy: 1800000 1799280
[INFO GPL-0006] NumInstances: 3745
[INFO GPL-0007] NumPlaceInstances: 3745
[INFO GPL-0008] NumFixedInstances: 0
[INFO GPL-0009] NumDummyInstances: 0
[INFO GPL-0010] NumNets: 4106
[INFO GPL-0011] NumPins: 14067
[INFO GPL-0012] DieAreaLxLy: 0 0
[INFO GPL-0013] DieAreaUxUy: 2200000 2200000
[INFO GPL-0014] CoreAreaLxLy: 400320 400680
[INFO GPL-0015] CoreAreaUxUy: 1800000 1799280
[INFO GPL-0016] CoreArea: 1957592448000
[INFO GPL-0017] NonPlaceInstsArea: 0
[INFO GPL-0018] PlaceInstsArea: 50928393600
[INFO GPL-0019] Util(%): 2.60
[INFO GPL-0020] StdInstsArea: 50928393600
[INFO GPL-0021] MacroInstsArea: 0
[InitialPlace]  Iter: 1 CG residual: 0.00284101 HPWL: 103099237
[InitialPlace]  Iter: 2 CG residual: 0.00250281 HPWL: 50604368
[InitialPlace]  Iter: 3 CG residual: 0.00359291 HPWL: 49324156
[InitialPlace]  Iter: 4 CG residual: 0.00292143 HPWL: 48093394
[InitialPlace]  Iter: 5 CG residual: 0.00124131 HPWL: 47352821
[InitialPlace]  Iter: 6 CG residual: 0.00667928 HPWL: 47081599
[InitialPlace]  Iter: 7 CG residual: 0.00065463 HPWL: 45567759
[InitialPlace]  Iter: 8 CG residual: 0.00039997 HPWL: 45312611
[InitialPlace]  Iter: 9 CG residual: 0.00002638 HPWL: 45217465
[InitialPlace]  Iter: 10 CG residual: 0.00005328 HPWL: 45299465
[InitialPlace]  Iter: 11 CG residual: 0.00001251 HPWL: 45213439
[InitialPlace]  Iter: 12 CG residual: 0.00001588 HPWL: 45290239
[InitialPlace]  Iter: 13 CG residual: 0.00000920 HPWL: 45202146
[INFO GPL-0031] FillerInit: NumGCells: 112177
[INFO GPL-0032] FillerInit: NumGNets: 4106
[INFO GPL-0033] FillerInit: NumGPins: 14067
[INFO GPL-0023] TargetDensity: 0.70
[INFO GPL-0024] AveragePlaceInstArea: 13599037
[INFO GPL-0025] IdealBinArea: 19427196
[INFO GPL-0026] IdealBinCnt: 100765
[INFO GPL-0027] TotalBinArea: 1957592448000
[INFO GPL-0028] BinCnt: 256 256
[INFO GPL-0029] BinSize: 5468 5464
[INFO GPL-0030] NumBins: 65536
[NesterovSolve] Iter: 1 overflow: 0.992601 HPWL: 12625174
[NesterovSolve] Iter: 10 overflow: 0.985222 HPWL: 13116829
[NesterovSolve] Iter: 20 overflow: 0.984305 HPWL: 13010393
[NesterovSolve] Iter: 30 overflow: 0.984193 HPWL: 12917564
[NesterovSolve] Iter: 40 overflow: 0.98359 HPWL: 12876951
[NesterovSolve] Iter: 50 overflow: 0.983587 HPWL: 12840392
[NesterovSolve] Iter: 60 overflow: 0.983526 HPWL: 12835950
[NesterovSolve] Iter: 70 overflow: 0.983471 HPWL: 12834675
[NesterovSolve] Iter: 80 overflow: 0.983394 HPWL: 12833774
[NesterovSolve] Iter: 90 overflow: 0.983313 HPWL: 12828821
[NesterovSolve] Iter: 100 overflow: 0.983249 HPWL: 12828265
[NesterovSolve] Iter: 110 overflow: 0.983451 HPWL: 12835232
[NesterovSolve] Iter: 120 overflow: 0.983567 HPWL: 12854024
[NesterovSolve] Iter: 130 overflow: 0.983175 HPWL: 12892258
[NesterovSolve] Iter: 140 overflow: 0.982838 HPWL: 12968363
[NesterovSolve] Iter: 150 overflow: 0.982288 HPWL: 13119623
[NesterovSolve] Iter: 160 overflow: 0.980646 HPWL: 13415250
[NesterovSolve] Iter: 170 overflow: 0.979021 HPWL: 14112284
[NesterovSolve] Iter: 180 overflow: 0.973045 HPWL: 15571893
[NesterovSolve] Iter: 190 overflow: 0.963032 HPWL: 17833054
[NesterovSolve] Iter: 200 overflow: 0.952302 HPWL: 20501518
[NesterovSolve] Iter: 210 overflow: 0.939141 HPWL: 23443072
[NesterovSolve] Iter: 220 overflow: 0.927818 HPWL: 26676455
[NesterovSolve] Iter: 230 overflow: 0.912451 HPWL: 29533648
[NesterovSolve] Iter: 240 overflow: 0.888443 HPWL: 30902667
[NesterovSolve] Iter: 250 overflow: 0.859253 HPWL: 30750429
[NesterovSolve] Iter: 260 overflow: 0.824088 HPWL: 35721306
[NesterovSolve] Iter: 270 overflow: 0.785897 HPWL: 42564056
[INFO GPL-0100] worst slack 1.41e-08
[INFO GPL-0103] Weighted 409 nets.
[NesterovSolve] Iter: 280 overflow: 0.755386 HPWL: 41268734
[NesterovSolve] Iter: 290 overflow: 0.715941 HPWL: 43983758
[NesterovSolve] Iter: 300 overflow: 0.676747 HPWL: 47016504
[NesterovSolve] Iter: 310 overflow: 0.632784 HPWL: 50106721
[INFO GPL-0100] worst slack 1.4e-08
[INFO GPL-0103] Weighted 409 nets.
[NesterovSolve] Snapshot saved at iter = 318
[NesterovSolve] Iter: 320 overflow: 0.590869 HPWL: 52057160
[NesterovSolve] Iter: 330 overflow: 0.549918 HPWL: 55448600
[NesterovSolve] Iter: 340 overflow: 0.50588 HPWL: 56511673
[INFO GPL-0100] worst slack 1.4e-08
[INFO GPL-0103] Weighted 409 nets.
[NesterovSolve] Iter: 350 overflow: 0.467813 HPWL: 57672750
[NesterovSolve] Iter: 360 overflow: 0.428229 HPWL: 58795160
[NesterovSolve] Iter: 370 overflow: 0.389541 HPWL: 59540250
[NesterovSolve] Iter: 380 overflow: 0.347171 HPWL: 60609870
[NesterovSolve] Iter: 390 overflow: 0.312386 HPWL: 61319307
[INFO GPL-0100] worst slack 1.41e-08
[INFO GPL-0103] Weighted 409 nets.
[NesterovSolve] Iter: 400 overflow: 0.276474 HPWL: 62174278
[NesterovSolve] Iter: 410 overflow: 0.241977 HPWL: 63185929
[NesterovSolve] Iter: 420 overflow: 0.208457 HPWL: 64605001
[INFO GPL-0100] worst slack 1.41e-08
[INFO GPL-0103] Weighted 409 nets.
[INFO GPL-0075] Routability numCall: 1 inflationIterCnt: 1 bloatIterCnt: 0
[INFO GPL-0036] TileLxLy: 0 0
[INFO GPL-0037] TileSize: 7200 7200
[INFO GPL-0038] TileCnt: 305 305
[INFO GPL-0039] numRoutingLayers: 7
[INFO GPL-0040] NumTiles: 93025
[INFO GPL-0063] TotalRouteOverflowH2: 0.0
[INFO GPL-0064] TotalRouteOverflowV2: 0.20000004768371582
[INFO GPL-0065] OverflowTileCnt2: 2
[INFO GPL-0066] 0.5%RC: 0.6602809158238497
[INFO GPL-0067] 1.0%RC: 0.5840923921032981
[INFO GPL-0068] 2.0%RC: 0.542046196051649
[INFO GPL-0069] 5.0%RC: 0.5168201587561997
[INFO GPL-0070] 0.5rcK: 1.0
[INFO GPL-0071] 1.0rcK: 1.0
[INFO GPL-0072] 2.0rcK: 0.0
[INFO GPL-0073] 5.0rcK: 0.0
[INFO GPL-0074] FinalRC: 0.62218666
[NesterovSolve] Iter: 430 overflow: 0.179448 HPWL: 65928707
[NesterovSolve] Iter: 440 overflow: 0.151952 HPWL: 67106633
[INFO GPL-0100] worst slack 1.4e-08
[INFO GPL-0103] Weighted 409 nets.
[NesterovSolve] Iter: 450 overflow: 0.129949 HPWL: 68254213
[NesterovSolve] Iter: 460 overflow: 0.109566 HPWL: 69320155
[NesterovSolve] Finished with Overflow: 0.099536
Report metrics stage 5, global place...

==========================================================================
global place report_design_area
--------------------------------------------------------------------------
Design area 50928 u^2 3% utilization.
Elapsed time: 0:27.88[h:]min:sec. CPU time: user 30.18 sys 0.11 (108%). Peak memory: 209940KB.
