OpenROAD v2.0-13348-gd423155d6 
Features included (+) or not (-):  +Charts +GPU +GUI +Python
This program is licensed under the BSD-3 license. See the LICENSE file for details.
Components of this program may be licensed under more restrictive licenses which must be honored.
[INFO ORD-0030] Using 8 thread(s).
Placement Analysis
---------------------------------
total displacement      11772.3 u
average displacement        2.9 u
max displacement           16.8 u
original HPWL           85202.0 u
legalized HPWL          93635.0 u
delta HPWL                   10 %

Detailed placement improvement.
Importing netlist into detailed improver.
[INFO DPO-0100] Creating network with 4102 cells, 8 terminals, 4463 edges and 14704 pins.
[INFO DPO-0109] Network stats: inst 4110, edges 4463, pins 14704
[INFO DPO-0110] Number of regions is 1
[INFO DPO-0401] Setting random seed to 1.
[INFO DPO-0402] Setting maximum displacement 5 1 to 18900 3780 units.
[INFO DPO-0320] Collected 8 fixed cells (excluded terminal_NI).
[INFO DPO-0318] Collected 4102 single height cells.
[INFO DPO-0321] Collected 0 wide cells.
[INFO DPO-0322] Image (400320, 400680) - (1800000, 1799280)
[INFO DPO-0310] Assigned 4102 cells into segments.  Movement in X-direction is 0.000000, movement in Y-direction is 0.000000.
[INFO DPO-0313] Found 0 cells in wrong regions.
[INFO DPO-0315] Found 0 row alignment problems.
[INFO DPO-0314] Found 0 site alignment problems.
[INFO DPO-0311] Found 0 overlaps between adjacent cells.
[INFO DPO-0312] Found 0 edge spacing violations and 0 padding violations.
[INFO DPO-0303] Running algorithm for independent set matching.
[INFO DPO-0300] Set matching objective is wirelength.
[INFO DPO-0301] Pass   1 of matching; objective is 9.236588e+07.
[INFO DPO-0302] End of matching; objective is 9.190712e+07, improvement is 0.50 percent.
[INFO DPO-0303] Running algorithm for global swaps.
[INFO DPO-0306] Pass   1 of global swaps; hpwl is 8.853546e+07.
[INFO DPO-0306] Pass   2 of global swaps; hpwl is 8.789647e+07.
[INFO DPO-0307] End of global swaps; objective is 8.789647e+07, improvement is 4.36 percent.
[INFO DPO-0303] Running algorithm for vertical swaps.
[INFO DPO-0308] Pass   1 of vertical swaps; hpwl is 8.742375e+07.
[INFO DPO-0309] End of vertical swaps; objective is 8.742375e+07, improvement is 0.54 percent.
[INFO DPO-0303] Running algorithm for reordering.
[INFO DPO-0304] Pass   1 of reordering; objective is 8.644314e+07.
[INFO DPO-0304] Pass   2 of reordering; objective is 8.625194e+07.
[INFO DPO-0305] End of reordering; objective is 8.625194e+07, improvement is 1.34 percent.
[INFO DPO-0303] Running algorithm for random improvement.
[INFO DPO-0324] Random improver is using displacement generator.
[INFO DPO-0325] Random improver is using hpwl objective.
[INFO DPO-0326] Random improver cost string is (a).
[INFO DPO-0332] End of pass, Generator displacement called 82040 times.
[INFO DPO-0335] Generator displacement, Cumulative attempts 82040, swaps 18310, moves 10847 since last reset.
[INFO DPO-0333] End of pass, Objective hpwl, Initial cost 8.564870e+07, Scratch cost 8.415589e+07, Incremental cost 8.415589e+07, Mismatch? N
[INFO DPO-0338] End of pass, Total cost is 8.415589e+07.
[INFO DPO-0327] Pass   1 of random improver; improvement in cost is 1.74 percent.
[INFO DPO-0332] End of pass, Generator displacement called 82040 times.
[INFO DPO-0335] Generator displacement, Cumulative attempts 164080, swaps 35978, moves 21852 since last reset.
[INFO DPO-0333] End of pass, Objective hpwl, Initial cost 8.415589e+07, Scratch cost 8.368682e+07, Incremental cost 8.368682e+07, Mismatch? N
[INFO DPO-0338] End of pass, Total cost is 8.368682e+07.
[INFO DPO-0327] Pass   2 of random improver; improvement in cost is 0.56 percent.
[INFO DPO-0328] End of random improver; improvement is 2.290618 percent.
[INFO DPO-0380] Cell flipping.
[INFO DPO-0382] Changed 2064 cell orientations for row compatibility.
[INFO DPO-0383] Performed 1264 cell flips.
[INFO DPO-0384] End of flipping; objective is 8.323991e+07, improvement is 1.25 percent.
[INFO DPO-0313] Found 0 cells in wrong regions.
[INFO DPO-0315] Found 0 row alignment problems.
[INFO DPO-0314] Found 0 site alignment problems.
[INFO DPO-0311] Found 0 overlaps between adjacent cells.
[INFO DPO-0312] Found 0 edge spacing violations and 0 padding violations.
Detailed Improvement Results
------------------------------------------
Original HPWL            93635.0 u
Final HPWL               83879.6 u
Delta HPWL                 -10.4 %

[INFO DPL-0020] Mirrored 220 instances
[INFO DPL-0021] HPWL before           83879.6 u
[INFO DPL-0022] HPWL after            83832.3 u
[INFO DPL-0023] HPWL delta               -0.1 %
[INFO FLW-0012] Placement violations .
Report metrics stage 3, detailed place...

==========================================================================
detailed place report_design_area
--------------------------------------------------------------------------
Design area 54702 u^2 3% utilization.
Elapsed time: 0:02.96[h:]min:sec. CPU time: user 2.89 sys 0.06 (99%). Peak memory: 153708KB.
