
==========================================================================
cts final check_setup
--------------------------------------------------------------------------
1

==========================================================================
cts final report_tns
--------------------------------------------------------------------------
tns 0.00

==========================================================================
cts final report_wns
--------------------------------------------------------------------------
wns 0.00

==========================================================================
cts final report_worst_slack
--------------------------------------------------------------------------
worst slack 13.28

==========================================================================
cts final report_clock_skew
--------------------------------------------------------------------------
Clock clk
   1.45 source latency spi_8_neuron_instance.spi_controller_instance.control[3]$_SDFFE_PN0N_/CLK ^
  -1.44 target latency spi_8_neuron_instance.registers_inst.rb_6.win[5]$_DFFE_PN0P_/CLK ^
   0.00 CRPR
--------------
   0.01 setup skew


==========================================================================
cts final report_checks -path_delay min
--------------------------------------------------------------------------
Startpoint: rst_PAD (input port clocked by clk)
Endpoint: spi_8_neuron_instance.grid_instance.neuron_instant_4.tac_instant.s_count_msb[0]$_DFFE_PN0P_
          (removal check against rising-edge clock clk)
Path Group: asynchronous
Path Type: min

Fanout     Cap    Slew   Delay    Time   Description
-----------------------------------------------------------------------------
                          0.00    0.00   clock clk (rise edge)
                          0.00    0.00   clock network delay (propagated)
                          4.00    4.00 ^ input external delay
     2    0.01    0.00    0.00    4.00 ^ rst_PAD (in)
                                         rst_PAD (net)
                  0.00    0.00    4.00 ^ sg13g2_rst/pad (sg13g2_IOPadIn)
     3    0.05    0.20    1.00    5.00 ^ sg13g2_rst/p2c (sg13g2_IOPadIn)
                                         rst (net)
                  0.20    0.00    5.00 ^ fanout295/A (sg13g2_buf_16)
    24    0.19    0.06    0.16    5.16 ^ fanout295/X (sg13g2_buf_16)
                                         net295 (net)
                  0.06    0.00    5.17 ^ spi_8_neuron_instance.grid_instance.neuron_instant_4.tac_instant.s_count_msb[0]$_DFFE_PN0P_/RESET_B (sg13g2_dfrbp_1)
                                  5.17   data arrival time

                          0.00    0.00   clock clk (rise edge)
                          0.00    0.00   clock source latency
     2    0.01    0.00    0.00    0.00 ^ clk_PAD (in)
                                         clk_PAD (net)
                  0.00    0.00    0.00 ^ sg13g2_clk/pad (sg13g2_IOPadIn)
     1    0.02    0.20    1.00    1.00 ^ sg13g2_clk/p2c (sg13g2_IOPadIn)
                                         clk (net)
                  0.20    0.00    1.00 ^ clkbuf_0_clk/A (sg13g2_buf_8)
     2    0.04    0.04    0.14    1.14 ^ clkbuf_0_clk/X (sg13g2_buf_8)
                                         clknet_0_clk (net)
                  0.04    0.00    1.14 ^ clkbuf_1_0__f_clk/A (sg13g2_buf_8)
    12    0.30    0.16    0.18    1.32 ^ clkbuf_1_0__f_clk/X (sg13g2_buf_8)
                                         clknet_1_0__leaf_clk (net)
                  0.16    0.00    1.32 ^ clkbuf_leaf_8_clk/A (sg13g2_buf_16)
    17    0.05    0.03    0.13    1.45 ^ clkbuf_leaf_8_clk/X (sg13g2_buf_16)
                                         clknet_leaf_8_clk (net)
                  0.03    0.00    1.45 ^ spi_8_neuron_instance.grid_instance.neuron_instant_4.tac_instant.s_count_msb[0]$_DFFE_PN0P_/CLK (sg13g2_dfrbp_1)
                          0.00    1.45   clock reconvergence pessimism
                         -0.11    1.34   library removal time
                                  1.34   data required time
-----------------------------------------------------------------------------
                                  1.34   data required time
                                 -5.17   data arrival time
-----------------------------------------------------------------------------
                                  3.83   slack (MET)


Startpoint: spi_8_neuron_instance.spi_instance.sck_q$_DFF_P_
            (rising edge-triggered flip-flop clocked by clk)
Endpoint: spi_8_neuron_instance.spi_instance.sck_old_q$_DFF_P_
          (rising edge-triggered flip-flop clocked by clk)
Path Group: clk
Path Type: min

Fanout     Cap    Slew   Delay    Time   Description
-----------------------------------------------------------------------------
                          0.00    0.00   clock clk (rise edge)
                          0.00    0.00   clock source latency
     2    0.01    0.00    0.00    0.00 ^ clk_PAD (in)
                                         clk_PAD (net)
                  0.00    0.00    0.00 ^ sg13g2_clk/pad (sg13g2_IOPadIn)
     1    0.02    0.20    1.00    1.00 ^ sg13g2_clk/p2c (sg13g2_IOPadIn)
                                         clk (net)
                  0.20    0.00    1.00 ^ clkbuf_0_clk/A (sg13g2_buf_8)
     2    0.04    0.04    0.14    1.14 ^ clkbuf_0_clk/X (sg13g2_buf_8)
                                         clknet_0_clk (net)
                  0.04    0.00    1.14 ^ clkbuf_1_0__f_clk/A (sg13g2_buf_8)
    12    0.30    0.16    0.18    1.32 ^ clkbuf_1_0__f_clk/X (sg13g2_buf_8)
                                         clknet_1_0__leaf_clk (net)
                  0.16    0.00    1.32 ^ clkbuf_leaf_4_clk/A (sg13g2_buf_16)
    17    0.05    0.03    0.13    1.45 ^ clkbuf_leaf_4_clk/X (sg13g2_buf_16)
                                         clknet_leaf_4_clk (net)
                  0.03    0.00    1.45 ^ spi_8_neuron_instance.spi_instance.sck_q$_DFF_P_/CLK (sg13g2_dfrbp_1)
     3    0.01    0.04    0.21    1.66 v spi_8_neuron_instance.spi_instance.sck_q$_DFF_P_/Q (sg13g2_dfrbp_1)
                                         spi_8_neuron_instance.spi_instance.sck_old_d (net)
                  0.04    0.00    1.66 v spi_8_neuron_instance.spi_instance.sck_old_q$_DFF_P_/D (sg13g2_dfrbp_1)
                                  1.66   data arrival time

                          0.00    0.00   clock clk (rise edge)
                          0.00    0.00   clock source latency
     2    0.01    0.00    0.00    0.00 ^ clk_PAD (in)
                                         clk_PAD (net)
                  0.00    0.00    0.00 ^ sg13g2_clk/pad (sg13g2_IOPadIn)
     1    0.02    0.20    1.00    1.00 ^ sg13g2_clk/p2c (sg13g2_IOPadIn)
                                         clk (net)
                  0.20    0.00    1.00 ^ clkbuf_0_clk/A (sg13g2_buf_8)
     2    0.04    0.04    0.14    1.14 ^ clkbuf_0_clk/X (sg13g2_buf_8)
                                         clknet_0_clk (net)
                  0.04    0.00    1.14 ^ clkbuf_1_0__f_clk/A (sg13g2_buf_8)
    12    0.30    0.16    0.18    1.32 ^ clkbuf_1_0__f_clk/X (sg13g2_buf_8)
                                         clknet_1_0__leaf_clk (net)
                  0.16    0.00    1.32 ^ clkbuf_leaf_4_clk/A (sg13g2_buf_16)
    17    0.05    0.03    0.13    1.45 ^ clkbuf_leaf_4_clk/X (sg13g2_buf_16)
                                         clknet_leaf_4_clk (net)
                  0.03    0.00    1.45 ^ spi_8_neuron_instance.spi_instance.sck_old_q$_DFF_P_/CLK (sg13g2_dfrbp_1)
                          0.00    1.45   clock reconvergence pessimism
                         -0.03    1.41   library hold time
                                  1.41   data required time
-----------------------------------------------------------------------------
                                  1.41   data required time
                                 -1.66   data arrival time
-----------------------------------------------------------------------------
                                  0.25   slack (MET)



==========================================================================
cts final report_checks -path_delay max
--------------------------------------------------------------------------
Startpoint: rst_PAD (input port clocked by clk)
Endpoint: spi_8_neuron_instance.grid_instance.neuron_instant_7.tac_instant.s_count_lsb[0]$_DFFE_PN0P_
          (recovery check against rising-edge clock clk)
Path Group: asynchronous
Path Type: max

Fanout     Cap    Slew   Delay    Time   Description
-----------------------------------------------------------------------------
                          0.00    0.00   clock clk (rise edge)
                          0.00    0.00   clock network delay (propagated)
                          4.00    4.00 ^ input external delay
     2    0.01    0.00    0.00    4.00 ^ rst_PAD (in)
                                         rst_PAD (net)
                  0.00    0.00    4.00 ^ sg13g2_rst/pad (sg13g2_IOPadIn)
     3    0.05    0.20    1.00    5.00 ^ sg13g2_rst/p2c (sg13g2_IOPadIn)
                                         rst (net)
                  0.20    0.00    5.00 ^ fanout298/A (sg13g2_buf_8)
    20    0.16    0.09    0.19    5.19 ^ fanout298/X (sg13g2_buf_8)
                                         net298 (net)
                  0.09    0.00    5.19 ^ fanout297/A (sg13g2_buf_16)
    30    0.20    0.06    0.13    5.32 ^ fanout297/X (sg13g2_buf_16)
                                         net297 (net)
                  0.06    0.00    5.32 ^ spi_8_neuron_instance.grid_instance.neuron_instant_7.tac_instant.s_count_lsb[0]$_DFFE_PN0P_/RESET_B (sg13g2_dfrbp_1)
                                  5.32   data arrival time

                         20.00   20.00   clock clk (rise edge)
                          0.00   20.00   clock source latency
     2    0.01    0.00    0.00   20.00 ^ clk_PAD (in)
                                         clk_PAD (net)
                  0.00    0.00   20.00 ^ sg13g2_clk/pad (sg13g2_IOPadIn)
     1    0.02    0.20    1.00   21.00 ^ sg13g2_clk/p2c (sg13g2_IOPadIn)
                                         clk (net)
                  0.20    0.00   21.00 ^ clkbuf_0_clk/A (sg13g2_buf_8)
     2    0.04    0.04    0.14   21.14 ^ clkbuf_0_clk/X (sg13g2_buf_8)
                                         clknet_0_clk (net)
                  0.04    0.00   21.14 ^ clkbuf_1_1__f_clk/A (sg13g2_buf_8)
    11    0.29    0.15    0.17   21.32 ^ clkbuf_1_1__f_clk/X (sg13g2_buf_8)
                                         clknet_1_1__leaf_clk (net)
                  0.15    0.00   21.32 ^ clkbuf_leaf_12_clk/A (sg13g2_buf_16)
    14    0.04    0.03    0.12   21.44 ^ clkbuf_leaf_12_clk/X (sg13g2_buf_16)
                                         clknet_leaf_12_clk (net)
                  0.03    0.00   21.44 ^ spi_8_neuron_instance.grid_instance.neuron_instant_7.tac_instant.s_count_lsb[0]$_DFFE_PN0P_/CLK (sg13g2_dfrbp_1)
                          0.00   21.44   clock reconvergence pessimism
                         -0.13   21.31   library recovery time
                                 21.31   data required time
-----------------------------------------------------------------------------
                                 21.31   data required time
                                 -5.32   data arrival time
-----------------------------------------------------------------------------
                                 15.99   slack (MET)


Startpoint: spi_8_neuron_instance.spi_instance.miso_q$_SDFFE_PN1P_
            (rising edge-triggered flip-flop clocked by clk)
Endpoint: miso_PAD (output port clocked by clk)
Path Group: clk
Path Type: max

Fanout     Cap    Slew   Delay    Time   Description
-----------------------------------------------------------------------------
                          0.00    0.00   clock clk (rise edge)
                          0.00    0.00   clock source latency
     2    0.01    0.00    0.00    0.00 ^ clk_PAD (in)
                                         clk_PAD (net)
                  0.00    0.00    0.00 ^ sg13g2_clk/pad (sg13g2_IOPadIn)
     1    0.02    0.20    1.00    1.00 ^ sg13g2_clk/p2c (sg13g2_IOPadIn)
                                         clk (net)
                  0.20    0.00    1.00 ^ clkbuf_0_clk/A (sg13g2_buf_8)
     2    0.04    0.04    0.14    1.14 ^ clkbuf_0_clk/X (sg13g2_buf_8)
                                         clknet_0_clk (net)
                  0.04    0.00    1.14 ^ clkbuf_1_0__f_clk/A (sg13g2_buf_8)
    12    0.30    0.16    0.18    1.32 ^ clkbuf_1_0__f_clk/X (sg13g2_buf_8)
                                         clknet_1_0__leaf_clk (net)
                  0.16    0.00    1.32 ^ clkbuf_leaf_4_clk/A (sg13g2_buf_16)
    17    0.05    0.03    0.13    1.45 ^ clkbuf_leaf_4_clk/X (sg13g2_buf_16)
                                         clknet_leaf_4_clk (net)
                  0.03    0.00    1.45 ^ spi_8_neuron_instance.spi_instance.miso_q$_SDFFE_PN1P_/CLK (sg13g2_dfrbp_1)
     2    0.03    0.11    0.27    1.71 ^ spi_8_neuron_instance.spi_instance.miso_q$_SDFFE_PN1P_/Q (sg13g2_dfrbp_1)
                                         miso (net)
                  0.11    0.00    1.72 ^ sg13g2_miso/c2p (sg13g2_IOPadOut4mA)
     2    0.00    0.20    1.00    2.72 ^ sg13g2_miso/pad (sg13g2_IOPadOut4mA)
                                         miso_PAD (net)
                  0.20    0.00    2.72 ^ miso_PAD (out)
                                  2.72   data arrival time

                         20.00   20.00   clock clk (rise edge)
                          0.00   20.00   clock network delay (propagated)
                          0.00   20.00   clock reconvergence pessimism
                         -4.00   16.00   output external delay
                                 16.00   data required time
-----------------------------------------------------------------------------
                                 16.00   data required time
                                 -2.72   data arrival time
-----------------------------------------------------------------------------
                                 13.28   slack (MET)



==========================================================================
cts final report_checks -unconstrained
--------------------------------------------------------------------------
Startpoint: rst_PAD (input port clocked by clk)
Endpoint: spi_8_neuron_instance.grid_instance.neuron_instant_7.tac_instant.s_count_lsb[0]$_DFFE_PN0P_
          (recovery check against rising-edge clock clk)
Path Group: asynchronous
Path Type: max

Fanout     Cap    Slew   Delay    Time   Description
-----------------------------------------------------------------------------
                          0.00    0.00   clock clk (rise edge)
                          0.00    0.00   clock network delay (propagated)
                          4.00    4.00 ^ input external delay
     2    0.01    0.00    0.00    4.00 ^ rst_PAD (in)
                                         rst_PAD (net)
                  0.00    0.00    4.00 ^ sg13g2_rst/pad (sg13g2_IOPadIn)
     3    0.05    0.20    1.00    5.00 ^ sg13g2_rst/p2c (sg13g2_IOPadIn)
                                         rst (net)
                  0.20    0.00    5.00 ^ fanout298/A (sg13g2_buf_8)
    20    0.16    0.09    0.19    5.19 ^ fanout298/X (sg13g2_buf_8)
                                         net298 (net)
                  0.09    0.00    5.19 ^ fanout297/A (sg13g2_buf_16)
    30    0.20    0.06    0.13    5.32 ^ fanout297/X (sg13g2_buf_16)
                                         net297 (net)
                  0.06    0.00    5.32 ^ spi_8_neuron_instance.grid_instance.neuron_instant_7.tac_instant.s_count_lsb[0]$_DFFE_PN0P_/RESET_B (sg13g2_dfrbp_1)
                                  5.32   data arrival time

                         20.00   20.00   clock clk (rise edge)
                          0.00   20.00   clock source latency
     2    0.01    0.00    0.00   20.00 ^ clk_PAD (in)
                                         clk_PAD (net)
                  0.00    0.00   20.00 ^ sg13g2_clk/pad (sg13g2_IOPadIn)
     1    0.02    0.20    1.00   21.00 ^ sg13g2_clk/p2c (sg13g2_IOPadIn)
                                         clk (net)
                  0.20    0.00   21.00 ^ clkbuf_0_clk/A (sg13g2_buf_8)
     2    0.04    0.04    0.14   21.14 ^ clkbuf_0_clk/X (sg13g2_buf_8)
                                         clknet_0_clk (net)
                  0.04    0.00   21.14 ^ clkbuf_1_1__f_clk/A (sg13g2_buf_8)
    11    0.29    0.15    0.17   21.32 ^ clkbuf_1_1__f_clk/X (sg13g2_buf_8)
                                         clknet_1_1__leaf_clk (net)
                  0.15    0.00   21.32 ^ clkbuf_leaf_12_clk/A (sg13g2_buf_16)
    14    0.04    0.03    0.12   21.44 ^ clkbuf_leaf_12_clk/X (sg13g2_buf_16)
                                         clknet_leaf_12_clk (net)
                  0.03    0.00   21.44 ^ spi_8_neuron_instance.grid_instance.neuron_instant_7.tac_instant.s_count_lsb[0]$_DFFE_PN0P_/CLK (sg13g2_dfrbp_1)
                          0.00   21.44   clock reconvergence pessimism
                         -0.13   21.31   library recovery time
                                 21.31   data required time
-----------------------------------------------------------------------------
                                 21.31   data required time
                                 -5.32   data arrival time
-----------------------------------------------------------------------------
                                 15.99   slack (MET)


Startpoint: spi_8_neuron_instance.spi_instance.miso_q$_SDFFE_PN1P_
            (rising edge-triggered flip-flop clocked by clk)
Endpoint: miso_PAD (output port clocked by clk)
Path Group: clk
Path Type: max

Fanout     Cap    Slew   Delay    Time   Description
-----------------------------------------------------------------------------
                          0.00    0.00   clock clk (rise edge)
                          0.00    0.00   clock source latency
     2    0.01    0.00    0.00    0.00 ^ clk_PAD (in)
                                         clk_PAD (net)
                  0.00    0.00    0.00 ^ sg13g2_clk/pad (sg13g2_IOPadIn)
     1    0.02    0.20    1.00    1.00 ^ sg13g2_clk/p2c (sg13g2_IOPadIn)
                                         clk (net)
                  0.20    0.00    1.00 ^ clkbuf_0_clk/A (sg13g2_buf_8)
     2    0.04    0.04    0.14    1.14 ^ clkbuf_0_clk/X (sg13g2_buf_8)
                                         clknet_0_clk (net)
                  0.04    0.00    1.14 ^ clkbuf_1_0__f_clk/A (sg13g2_buf_8)
    12    0.30    0.16    0.18    1.32 ^ clkbuf_1_0__f_clk/X (sg13g2_buf_8)
                                         clknet_1_0__leaf_clk (net)
                  0.16    0.00    1.32 ^ clkbuf_leaf_4_clk/A (sg13g2_buf_16)
    17    0.05    0.03    0.13    1.45 ^ clkbuf_leaf_4_clk/X (sg13g2_buf_16)
                                         clknet_leaf_4_clk (net)
                  0.03    0.00    1.45 ^ spi_8_neuron_instance.spi_instance.miso_q$_SDFFE_PN1P_/CLK (sg13g2_dfrbp_1)
     2    0.03    0.11    0.27    1.71 ^ spi_8_neuron_instance.spi_instance.miso_q$_SDFFE_PN1P_/Q (sg13g2_dfrbp_1)
                                         miso (net)
                  0.11    0.00    1.72 ^ sg13g2_miso/c2p (sg13g2_IOPadOut4mA)
     2    0.00    0.20    1.00    2.72 ^ sg13g2_miso/pad (sg13g2_IOPadOut4mA)
                                         miso_PAD (net)
                  0.20    0.00    2.72 ^ miso_PAD (out)
                                  2.72   data arrival time

                         20.00   20.00   clock clk (rise edge)
                          0.00   20.00   clock network delay (propagated)
                          0.00   20.00   clock reconvergence pessimism
                         -4.00   16.00   output external delay
                                 16.00   data required time
-----------------------------------------------------------------------------
                                 16.00   data required time
                                 -2.72   data arrival time
-----------------------------------------------------------------------------
                                 13.28   slack (MET)



==========================================================================
cts final report_check_types -max_slew -max_cap -max_fanout -violators
--------------------------------------------------------------------------
max fanout

Pin                                   Limit Fanout  Slack
---------------------------------------------------------
fanout288/X                               8     30    -22 (VIOLATED)
fanout289/X                               8     30    -22 (VIOLATED)
fanout290/X                               8     30    -22 (VIOLATED)
fanout291/X                               8     30    -22 (VIOLATED)
fanout293/X                               8     30    -22 (VIOLATED)
fanout294/X                               8     30    -22 (VIOLATED)
fanout296/X                               8     30    -22 (VIOLATED)
fanout297/X                               8     30    -22 (VIOLATED)
fanout292/X                               8     28    -20 (VIOLATED)
fanout295/X                               8     24    -16 (VIOLATED)
clkbuf_leaf_22_clk/X                      8     20    -12 (VIOLATED)
clkbuf_leaf_3_clk/X                       8     20    -12 (VIOLATED)
fanout298/X                               8     20    -12 (VIOLATED)
clkbuf_leaf_15_clk/X                      8     18    -10 (VIOLATED)
clkbuf_leaf_14_clk/X                      8     17     -9 (VIOLATED)
clkbuf_leaf_4_clk/X                       8     17     -9 (VIOLATED)
clkbuf_leaf_8_clk/X                       8     17     -9 (VIOLATED)
clkbuf_leaf_21_clk/X                      8     16     -8 (VIOLATED)
clkbuf_leaf_5_clk/X                       8     16     -8 (VIOLATED)
clkbuf_leaf_7_clk/X                       8     16     -8 (VIOLATED)
clkbuf_leaf_9_clk/X                       8     16     -8 (VIOLATED)
clkbuf_leaf_13_clk/X                      8     15     -7 (VIOLATED)
clkbuf_leaf_18_clk/X                      8     15     -7 (VIOLATED)
clkbuf_leaf_19_clk/X                      8     15     -7 (VIOLATED)
clkbuf_leaf_10_clk/X                      8     14     -6 (VIOLATED)
clkbuf_leaf_11_clk/X                      8     14     -6 (VIOLATED)
clkbuf_leaf_12_clk/X                      8     14     -6 (VIOLATED)
clkbuf_leaf_17_clk/X                      8     14     -6 (VIOLATED)
clkbuf_leaf_2_clk/X                       8     14     -6 (VIOLATED)
clkbuf_leaf_6_clk/X                       8     14     -6 (VIOLATED)
clkbuf_leaf_0_clk/X                       8     13     -5 (VIOLATED)
clkbuf_leaf_16_clk/X                      8     13     -5 (VIOLATED)
clkbuf_1_0__f_clk/X                       8     12     -4 (VIOLATED)
clkbuf_leaf_20_clk/X                      8     12     -4 (VIOLATED)
clkbuf_1_1__f_clk/X                       8     11     -3 (VIOLATED)
clkbuf_leaf_1_clk/X                       8     10     -2 (VIOLATED)


==========================================================================
cts final max_slew_check_slack
--------------------------------------------------------------------------
0.0

==========================================================================
cts final max_slew_check_limit
--------------------------------------------------------------------------
0.20000000298023224

==========================================================================
cts final max_slew_check_slack_limit
--------------------------------------------------------------------------
0.0000

==========================================================================
cts final max_fanout_check_slack
--------------------------------------------------------------------------
-22.0

==========================================================================
cts final max_fanout_check_limit
--------------------------------------------------------------------------
8.0

==========================================================================
cts final max_fanout_check_slack_limit
--------------------------------------------------------------------------
-2.7500

==========================================================================
cts final max_capacitance_check_slack
--------------------------------------------------------------------------
0.2687169909477234

==========================================================================
cts final max_capacitance_check_limit
--------------------------------------------------------------------------
0.30000001192092896

==========================================================================
cts final max_capacitance_check_slack_limit
--------------------------------------------------------------------------
0.8957

==========================================================================
cts final max_slew_violation_count
--------------------------------------------------------------------------
max slew violation count 0

==========================================================================
cts final max_fanout_violation_count
--------------------------------------------------------------------------
max fanout violation count 36

==========================================================================
cts final max_cap_violation_count
--------------------------------------------------------------------------
max cap violation count 0

==========================================================================
cts final setup_violation_count
--------------------------------------------------------------------------
setup violation count 0

==========================================================================
cts final hold_violation_count
--------------------------------------------------------------------------
hold violation count 0

==========================================================================
cts final report_checks -path_delay max reg to reg
--------------------------------------------------------------------------
Startpoint: spi_8_neuron_instance.registers_inst.rb_5.bias[2]$_DFFE_PN0P_
            (rising edge-triggered flip-flop clocked by clk)
Endpoint: spi_8_neuron_instance.spi_instance.data_q[2]$_DFFE_PP_
          (rising edge-triggered flip-flop clocked by clk)
Path Group: clk
Path Type: max

  Delay    Time   Description
---------------------------------------------------------
   0.00    0.00   clock clk (rise edge)
   0.00    0.00   clock source latency
   0.00    0.00 ^ clk_PAD (in)
   1.00    1.00 ^ sg13g2_clk/p2c (sg13g2_IOPadIn)
   0.14    1.14 ^ clkbuf_0_clk/X (sg13g2_buf_8)
   0.18    1.32 ^ clkbuf_1_0__f_clk/X (sg13g2_buf_8)
   0.13    1.45 ^ clkbuf_leaf_5_clk/X (sg13g2_buf_16)
   0.00    1.45 ^ spi_8_neuron_instance.registers_inst.rb_5.bias[2]$_DFFE_PN0P_/CLK (sg13g2_dfrbp_1)
   0.20    1.64 v spi_8_neuron_instance.registers_inst.rb_5.bias[2]$_DFFE_PN0P_/Q (sg13g2_dfrbp_1)
   0.09    1.73 v fanout142/X (sg13g2_buf_1)
   0.12    1.85 v fanout141/X (sg13g2_buf_2)
   0.25    2.10 ^ _6528_/Y (sg13g2_nor4_2)
   0.14    2.24 v _6560_/Y (sg13g2_nand3_1)
   0.21    2.45 ^ _6567_/Y (sg13g2_a221oi_1)
   0.07    2.52 v _6568_/Y (sg13g2_nor2_1)
   0.14    2.67 v _6569_/X (sg13g2_or3_1)
   0.26    2.93 ^ _6605_/Y (sg13g2_o21ai_1)
   0.15    3.08 v _6627_/Y (sg13g2_nand2_2)
   0.15    3.22 v _7712_/X (sg13g2_mux2_1)
   0.18    3.40 v _7717_/X (sg13g2_or4_1)
   0.14    3.55 ^ _7757_/Y (sg13g2_nor4_1)
   0.08    3.63 v _7760_/Y (sg13g2_a21oi_1)
   0.00    3.63 v spi_8_neuron_instance.spi_instance.data_q[2]$_DFFE_PP_/D (sg13g2_dfrbp_1)
           3.63   data arrival time

  20.00   20.00   clock clk (rise edge)
   0.00   20.00   clock source latency
   0.00   20.00 ^ clk_PAD (in)
   1.00   21.00 ^ sg13g2_clk/p2c (sg13g2_IOPadIn)
   0.14   21.14 ^ clkbuf_0_clk/X (sg13g2_buf_8)
   0.18   21.32 ^ clkbuf_1_0__f_clk/X (sg13g2_buf_8)
   0.12   21.45 ^ clkbuf_leaf_2_clk/X (sg13g2_buf_16)
   0.00   21.45 ^ spi_8_neuron_instance.spi_instance.data_q[2]$_DFFE_PP_/CLK (sg13g2_dfrbp_1)
   0.00   21.45   clock reconvergence pessimism
  -0.12   21.33   library setup time
          21.33   data required time
---------------------------------------------------------
          21.33   data required time
          -3.63   data arrival time
---------------------------------------------------------
          17.70   slack (MET)



==========================================================================
cts final report_checks -path_delay min reg to reg
--------------------------------------------------------------------------
Startpoint: spi_8_neuron_instance.spi_instance.sck_q$_DFF_P_
            (rising edge-triggered flip-flop clocked by clk)
Endpoint: spi_8_neuron_instance.spi_instance.sck_old_q$_DFF_P_
          (rising edge-triggered flip-flop clocked by clk)
Path Group: clk
Path Type: min

  Delay    Time   Description
---------------------------------------------------------
   0.00    0.00   clock clk (rise edge)
   0.00    0.00   clock source latency
   0.00    0.00 ^ clk_PAD (in)
   1.00    1.00 ^ sg13g2_clk/p2c (sg13g2_IOPadIn)
   0.14    1.14 ^ clkbuf_0_clk/X (sg13g2_buf_8)
   0.18    1.32 ^ clkbuf_1_0__f_clk/X (sg13g2_buf_8)
   0.13    1.45 ^ clkbuf_leaf_4_clk/X (sg13g2_buf_16)
   0.00    1.45 ^ spi_8_neuron_instance.spi_instance.sck_q$_DFF_P_/CLK (sg13g2_dfrbp_1)
   0.21    1.66 v spi_8_neuron_instance.spi_instance.sck_q$_DFF_P_/Q (sg13g2_dfrbp_1)
   0.00    1.66 v spi_8_neuron_instance.spi_instance.sck_old_q$_DFF_P_/D (sg13g2_dfrbp_1)
           1.66   data arrival time

   0.00    0.00   clock clk (rise edge)
   0.00    0.00   clock source latency
   0.00    0.00 ^ clk_PAD (in)
   1.00    1.00 ^ sg13g2_clk/p2c (sg13g2_IOPadIn)
   0.14    1.14 ^ clkbuf_0_clk/X (sg13g2_buf_8)
   0.18    1.32 ^ clkbuf_1_0__f_clk/X (sg13g2_buf_8)
   0.13    1.45 ^ clkbuf_leaf_4_clk/X (sg13g2_buf_16)
   0.00    1.45 ^ spi_8_neuron_instance.spi_instance.sck_old_q$_DFF_P_/CLK (sg13g2_dfrbp_1)
   0.00    1.45   clock reconvergence pessimism
  -0.03    1.41   library hold time
           1.41   data required time
---------------------------------------------------------
           1.41   data required time
          -1.66   data arrival time
---------------------------------------------------------
           0.25   slack (MET)



==========================================================================
cts final critical path target clock latency max path
--------------------------------------------------------------------------
1.4374

==========================================================================
cts final critical path target clock latency min path
--------------------------------------------------------------------------
1.4478

==========================================================================
cts final critical path source clock latency min path
--------------------------------------------------------------------------
0.0000

==========================================================================
cts final critical path delay
--------------------------------------------------------------------------
2.7156

==========================================================================
cts final critical path slack
--------------------------------------------------------------------------
13.2844

==========================================================================
cts final slack div critical path delay
--------------------------------------------------------------------------
489.188393

==========================================================================
cts final report_power
--------------------------------------------------------------------------
Group                  Internal  Switching    Leakage      Total
                          Power      Power      Power      Power (Watts)
----------------------------------------------------------------
Sequential             9.31e-04   1.15e-06   1.67e-07   9.32e-04  74.2%
Combinational          7.02e-06   9.77e-06   4.95e-07   1.73e-05   1.4%
Clock                  1.81e-04   1.24e-04   3.39e-08   3.05e-04  24.3%
Macro                  0.00e+00   0.00e+00   0.00e+00   0.00e+00   0.0%
Pad                    0.00e+00   1.41e-06   0.00e+00   1.41e-06   0.1%
----------------------------------------------------------------
Total                  1.12e-03   1.36e-04   6.96e-07   1.26e-03 100.0%
                          89.1%      10.9%       0.1%
